20:23:47 **** Auto Build of configuration Debug for project EchoServer ****
make pre-build main-build 
a9-linaro-pre-build-step
 
Building file: ../src/CustomFunction.c
Invoking: ARM v7 gcc compiler
arm-none-eabi-gcc -Wall -O0 -g3 -c -fmessage-length=0 -MT"src/CustomFunction.o" -mcpu=cortex-a9 -mfpu=vfpv3 -mfloat-abi=hard -I../../EchoServer_bsp/ps7_cortexa9_0/include -MMD -MP -MF"src/CustomFunction.d" -MT"src/CustomFunction.o" -o "src/CustomFunction.o" "../src/CustomFunction.c"
Finished building: ../src/CustomFunction.c
 
Building target: EchoServer.elf
Invoking: ARM v7 gcc linker
arm-none-eabi-gcc -mcpu=cortex-a9 -mfpu=vfpv3 -mfloat-abi=hard -Wl,-build-id=none -specs=Xilinx.spec -Wl,-T -Wl,../src/lscript.ld -L../../EchoServer_bsp/ps7_cortexa9_0/lib -o "EchoServer.elf"  ./src/CustomFunction.o ./src/echo.o ./src/i2c_access.o ./src/iic_phyreset.o ./src/main.o ./src/platform.o ./src/platform_mb.o ./src/platform_ppc.o ./src/platform_zynq.o ./src/platform_zynqmp.o ./src/sfp.o ./src/si5324.o   -Wl,--start-group,-lxil,-lgcc,-lc,--end-group -Wl,--start-group,-lxil,-llwip4,-lgcc,-lc,--end-group
Finished building target: EchoServer.elf
 
Invoking: ARM v7 Print Size
arm-none-eabi-size EchoServer.elf  |tee "EchoServer.elf.size"
   text	   data	    bss	    dec	    hex	filename
 119480	   3448	5364000	5486928	 53b950	EchoServer.elf
Finished building: EchoServer.elf.size
 

20:23:47 Build Finished (took 267ms)

