Copyright 1986-2019 Xilinx, Inc. All Rights Reserved.
-----------------------------------------------------------------------------------------
| Tool Version : Vivado v.2019.1 (lin64) Build 2552052 Fri May 24 14:47:09 MDT 2019
| Date         : Wed Jul  1 00:56:40 2020
| Host         : Laptop running 64-bit Ubuntu 18.04.4 LTS
| Command      : report_control_sets -verbose -file bd_0_wrapper_control_sets_placed.rpt
| Design       : bd_0_wrapper
| Device       : xc7z020
-----------------------------------------------------------------------------------------

Control Set Information

Table of Contents
-----------------
1. Summary
2. Histogram
3. Flip-Flop Distribution
4. Detailed Control Set Information

1. Summary
----------

+----------------------------------------------------------+-------+
|                          Status                          | Count |
+----------------------------------------------------------+-------+
| Total control sets                                       |   156 |
|    Minimum number of control sets                        |   156 |
|    Addition due to synthesis replication                 |     0 |
|    Addition due to physical synthesis replication        |     0 |
| Unused register locations in slices containing registers |    39 |
+----------------------------------------------------------+-------+
* Control sets can be merged at opt_design using control_set_merge or merge_equivalent_drivers
** Run report_qor_suggestions for automated merging and remapping suggestions


2. Histogram
------------

+--------------------+-------+
|       Fanout       | Count |
+--------------------+-------+
| Total control sets |   156 |
| >= 0 to < 4        |     0 |
| >= 4 to < 6        |     2 |
| >= 6 to < 8        |     1 |
| >= 8 to < 10       |     0 |
| >= 10 to < 12      |     0 |
| >= 12 to < 14      |     0 |
| >= 14 to < 16      |     1 |
| >= 16              |   152 |
+--------------------+-------+
* Control sets can be remapped at either synth_design or opt_design


3. Flip-Flop Distribution
-------------------------

+--------------+-----------------------+------------------------+-----------------+--------------+
| Clock Enable | Synchronous Set/Reset | Asynchronous Set/Reset | Total Registers | Total Slices |
+--------------+-----------------------+------------------------+-----------------+--------------+
| No           | No                    | No                     |              14 |            9 |
| No           | No                    | Yes                    |               0 |            0 |
| No           | Yes                   | No                     |             177 |           91 |
| Yes          | No                    | No                     |            6123 |         2012 |
| Yes          | No                    | Yes                    |               0 |            0 |
| Yes          | Yes                   | No                     |             111 |           27 |
+--------------+-----------------------+------------------------+-----------------+--------------+


4. Detailed Control Set Information
-----------------------------------

+--------------+-------------------------------------------------------------------------------------------------------------------------------------------------------------------+------------------------------------------------------------------------------------------------------------------------------------------------------------------+------------------+----------------+
| Clock Signal |                                                                           Enable Signal                                                                           |                                                                         Set/Reset Signal                                                                         | Slice Load Count | Bel Load Count |
+--------------+-------------------------------------------------------------------------------------------------------------------------------------------------------------------+------------------------------------------------------------------------------------------------------------------------------------------------------------------+------------------+----------------+
|  ap_clk      | bd_0_i/hls_inst/U0/FIR16BitA_BUS_A_s_axi_U/waddr                                                                                                                  |                                                                                                                                                                  |                1 |              5 |
|  ap_clk      | bd_0_i/hls_inst/U0/FIR16BitA_BUS_A_s_axi_U/ar_hs                                                                                                                  |                                                                                                                                                                  |                2 |              5 |
|  ap_clk      | bd_0_i/hls_inst/U0/FIR16BitA_fmul_32ns_32ns_32_4_max_dsp_1_U2/FIR16BitA_ap_fmul_2_max_dsp_32_u/U0/i_synth/MULT.OP/i_non_prim.EXP/STATE_DELAY/i_pipe/ap_ce_reg_reg | bd_0_i/hls_inst/U0/FIR16BitA_fmul_32ns_32ns_32_4_max_dsp_1_U2/FIR16BitA_ap_fmul_2_max_dsp_32_u/U0/i_synth/MULT.OP/i_non_prim.EXP/STATE_DELAY/i_pipe/p_1_in12_out |                2 |              7 |
|  ap_clk      |                                                                                                                                                                   |                                                                                                                                                                  |                9 |             14 |
|  ap_clk      | bd_0_i/hls_inst/U0/grp_p_hls_fptosi_float_i_fu_699/ap_ce_reg                                                                                                      | bd_0_i/hls_inst/U0/FIR16BitA_fmul_32ns_32ns_32_4_max_dsp_1_U2/FIR16BitA_ap_fmul_2_max_dsp_32_u/U0/i_synth/MULT.OP/i_non_prim.EXP/SIG_DELAY/i_pipe/ap_ce_reg_reg  |                7 |             22 |
|  ap_clk      | bd_0_i/hls_inst/U0/grp_p_hls_fptosi_float_i_fu_699/ap_ce_reg                                                                                                      | bd_0_i/hls_inst/U0/FIR16BitA_sitofp_32s_32_6_1_U3/FIR16BitA_ap_sitofp_4_no_dsp_32_u/U0/i_synth/FIX_TO_FLT_OP.SPD.OP/EXP/ZERO_DELAY/i_pipe/SR[0]                  |                7 |             23 |
|  ap_clk      | bd_0_i/hls_inst/U0/FIR16BitA_BUS_A_s_axi_U/ar_hs                                                                                                                  | bd_0_i/hls_inst/U0/FIR16BitA_BUS_A_s_axi_U/rdata_data[31]_i_1_n_0                                                                                                |                5 |             27 |
|  ap_clk      | bd_0_i/hls_inst/U0/grp_fu_704_p032                                                                                                                                |                                                                                                                                                                  |               11 |             31 |
|  ap_clk      | bd_0_i/hls_inst/U0/FIR16BitA_BUS_A_s_axi_U/ap_CS_fsm_reg[0][0]                                                                                                    |                                                                                                                                                                  |               15 |             31 |
|  ap_clk      | bd_0_i/hls_inst/U0/FIR16BitA_BUS_A_s_axi_U/ap_CS_fsm_reg[50]_0[0]                                                                                                 |                                                                                                                                                                  |               11 |             31 |
|  ap_clk      | bd_0_i/hls_inst/U0/FIR16BitA_BUS_A_s_axi_U/ap_CS_fsm_reg[7]_0[0]                                                                                                  |                                                                                                                                                                  |               15 |             31 |
|  ap_clk      |                                                                                                                                                                   | bd_0_i/hls_inst/U0/grp_p_hls_fptosi_float_i_fu_699/p_0_in                                                                                                        |               10 |             31 |
|  ap_clk      | bd_0_i/hls_inst/U0/FIR16BitA_BUS_A_s_axi_U/reg_7960                                                                                                               |                                                                                                                                                                  |               15 |             31 |
|  ap_clk      | bd_0_i/hls_inst/U0/ap_CS_fsm_pp0_stage128                                                                                                                         |                                                                                                                                                                  |                8 |             32 |
|  ap_clk      | bd_0_i/hls_inst/U0/ap_CS_fsm_pp0_stage114                                                                                                                         |                                                                                                                                                                  |                8 |             32 |
|  ap_clk      | bd_0_i/hls_inst/U0/ap_CS_fsm_pp0_stage116                                                                                                                         |                                                                                                                                                                  |                8 |             32 |
|  ap_clk      | bd_0_i/hls_inst/U0/ap_CS_fsm_pp0_stage117                                                                                                                         |                                                                                                                                                                  |                8 |             32 |
|  ap_clk      | bd_0_i/hls_inst/U0/ap_CS_fsm_pp0_stage12                                                                                                                          |                                                                                                                                                                  |                8 |             32 |
|  ap_clk      | bd_0_i/hls_inst/U0/ap_CS_fsm_pp0_stage122                                                                                                                         |                                                                                                                                                                  |                8 |             32 |
|  ap_clk      | bd_0_i/hls_inst/U0/ap_CS_fsm_pp0_stage123                                                                                                                         |                                                                                                                                                                  |                8 |             32 |
|  ap_clk      | bd_0_i/hls_inst/U0/ap_CS_fsm_pp0_stage112                                                                                                                         |                                                                                                                                                                  |                8 |             32 |
|  ap_clk      | bd_0_i/hls_inst/U0/ap_CS_fsm_pp0_stage13                                                                                                                          |                                                                                                                                                                  |                8 |             32 |
|  ap_clk      | bd_0_i/hls_inst/U0/ap_CS_fsm_pp0_stage15                                                                                                                          |                                                                                                                                                                  |                8 |             32 |
|  ap_clk      | bd_0_i/hls_inst/U0/ap_CS_fsm_pp0_stage3                                                                                                                           |                                                                                                                                                                  |                8 |             32 |
|  ap_clk      | bd_0_i/hls_inst/U0/ap_CS_fsm_pp0_stage4                                                                                                                           |                                                                                                                                                                  |                8 |             32 |
|  ap_clk      | bd_0_i/hls_inst/U0/ap_CS_fsm_pp0_stage5                                                                                                                           |                                                                                                                                                                  |                8 |             32 |
|  ap_clk      | bd_0_i/hls_inst/U0/FIR16BitA_BUS_A_s_axi_U/ap_CS_fsm_reg[5][0]                                                                                                    |                                                                                                                                                                  |                9 |             32 |
|  ap_clk      | bd_0_i/hls_inst/U0/ap_CS_fsm_pp0_stage57                                                                                                                          |                                                                                                                                                                  |                8 |             32 |
|  ap_clk      | bd_0_i/hls_inst/U0/ap_CS_fsm_pp0_stage113                                                                                                                         |                                                                                                                                                                  |                8 |             32 |
|  ap_clk      | bd_0_i/hls_inst/U0/FIR16BitA_BUS_A_s_axi_U/ap_CS_fsm_reg[7][0]                                                                                                    |                                                                                                                                                                  |               14 |             32 |
|  ap_clk      | bd_0_i/hls_inst/U0/ap_CS_fsm_pp0_stage107                                                                                                                         |                                                                                                                                                                  |                8 |             32 |
|  ap_clk      | bd_0_i/hls_inst/U0/ap_CS_fsm_pp0_stage106                                                                                                                         |                                                                                                                                                                  |                8 |             32 |
|  ap_clk      | bd_0_i/hls_inst/U0/ap_CS_fsm_pp0_stage103                                                                                                                         |                                                                                                                                                                  |                8 |             32 |
|  ap_clk      | bd_0_i/hls_inst/U0/ap_CS_fsm_pp0_stage101                                                                                                                         |                                                                                                                                                                  |                8 |             32 |
|  ap_clk      | bd_0_i/hls_inst/U0/ap_CS_fsm_pp0_stage1                                                                                                                           |                                                                                                                                                                  |                8 |             32 |
|  ap_clk      | bd_0_i/hls_inst/U0/FIR16BitA_BUS_A_s_axi_U/ap_CS_fsm_reg[71][0]                                                                                                   |                                                                                                                                                                  |                6 |             32 |
|  ap_clk      | bd_0_i/hls_inst/U0/FIR16BitA_BUS_A_s_axi_U/ap_CS_fsm_reg[95][0]                                                                                                   |                                                                                                                                                                  |                5 |             32 |
|  ap_clk      | bd_0_i/hls_inst/U0/FIR16BitA_BUS_A_s_axi_U/ap_CS_fsm_reg[93][0]                                                                                                   |                                                                                                                                                                  |                6 |             32 |
|  ap_clk      | bd_0_i/hls_inst/U0/FIR16BitA_BUS_A_s_axi_U/ap_CS_fsm_reg[91][0]                                                                                                   |                                                                                                                                                                  |                5 |             32 |
|  ap_clk      | bd_0_i/hls_inst/U0/FIR16BitA_BUS_A_s_axi_U/ap_CS_fsm_reg[87][0]                                                                                                   |                                                                                                                                                                  |                6 |             32 |
|  ap_clk      | bd_0_i/hls_inst/U0/FIR16BitA_BUS_A_s_axi_U/ap_CS_fsm_reg[6][0]                                                                                                    |                                                                                                                                                                  |                5 |             32 |
|  ap_clk      | bd_0_i/hls_inst/U0/FIR16BitA_BUS_A_s_axi_U/ap_CS_fsm_reg[83][0]                                                                                                   |                                                                                                                                                                  |                4 |             32 |
|  ap_clk      | bd_0_i/hls_inst/U0/FIR16BitA_BUS_A_s_axi_U/ap_CS_fsm_reg[77][0]                                                                                                   |                                                                                                                                                                  |                5 |             32 |
|  ap_clk      | bd_0_i/hls_inst/U0/ap_CS_fsm_pp0_stage92                                                                                                                          |                                                                                                                                                                  |                8 |             32 |
|  ap_clk      | bd_0_i/hls_inst/U0/ap_CS_fsm_pp0_stage80                                                                                                                          |                                                                                                                                                                  |                8 |             32 |
|  ap_clk      | bd_0_i/hls_inst/U0/ap_CS_fsm_pp0_stage81                                                                                                                          |                                                                                                                                                                  |                8 |             32 |
|  ap_clk      | bd_0_i/hls_inst/U0/ap_CS_fsm_pp0_stage82                                                                                                                          |                                                                                                                                                                  |                8 |             32 |
|  ap_clk      | bd_0_i/hls_inst/U0/ap_CS_fsm_pp0_stage84                                                                                                                          |                                                                                                                                                                  |                8 |             32 |
|  ap_clk      | bd_0_i/hls_inst/U0/ap_CS_fsm_pp0_stage86                                                                                                                          |                                                                                                                                                                  |                8 |             32 |
|  ap_clk      | bd_0_i/hls_inst/U0/ap_CS_fsm_pp0_stage88                                                                                                                          |                                                                                                                                                                  |                8 |             32 |
|  ap_clk      | bd_0_i/hls_inst/U0/ap_CS_fsm_pp0_stage9                                                                                                                           |                                                                                                                                                                  |                8 |             32 |
|  ap_clk      | bd_0_i/hls_inst/U0/ap_CS_fsm_pp0_stage90                                                                                                                          |                                                                                                                                                                  |                8 |             32 |
|  ap_clk      | bd_0_i/hls_inst/U0/ap_CS_fsm_pp0_stage8                                                                                                                           |                                                                                                                                                                  |                8 |             32 |
|  ap_clk      | bd_0_i/hls_inst/U0/ap_CS_fsm_pp0_stage93                                                                                                                          |                                                                                                                                                                  |                8 |             32 |
|  ap_clk      | bd_0_i/hls_inst/U0/ap_CS_fsm_pp0_stage94                                                                                                                          |                                                                                                                                                                  |                8 |             32 |
|  ap_clk      | bd_0_i/hls_inst/U0/ap_CS_fsm_pp0_stage95                                                                                                                          |                                                                                                                                                                  |                8 |             32 |
|  ap_clk      | bd_0_i/hls_inst/U0/ap_CS_fsm_pp0_stage96                                                                                                                          |                                                                                                                                                                  |                8 |             32 |
|  ap_clk      | bd_0_i/hls_inst/U0/ap_CS_fsm_pp0_stage99                                                                                                                          |                                                                                                                                                                  |                5 |             32 |
|  ap_clk      | bd_0_i/hls_inst/U0/c0                                                                                                                                             |                                                                                                                                                                  |                8 |             32 |
|  ap_clk      | bd_0_i/hls_inst/U0/c_1_vld_reg                                                                                                                                    | bd_0_i/hls_inst/U0/FIR16BitA_BUS_A_s_axi_U/reset                                                                                                                 |                6 |             32 |
|  ap_clk      | bd_0_i/hls_inst/U0/ap_CS_fsm_pp0_stage69                                                                                                                          |                                                                                                                                                                  |                8 |             32 |
|  ap_clk      | bd_0_i/hls_inst/U0/ap_CS_fsm_pp0_stage59                                                                                                                          |                                                                                                                                                                  |                8 |             32 |
|  ap_clk      | bd_0_i/hls_inst/U0/ap_CS_fsm_pp0_stage60                                                                                                                          |                                                                                                                                                                  |                8 |             32 |
|  ap_clk      | bd_0_i/hls_inst/U0/ap_CS_fsm_pp0_stage61                                                                                                                          |                                                                                                                                                                  |                8 |             32 |
|  ap_clk      | bd_0_i/hls_inst/U0/ap_CS_fsm_pp0_stage62                                                                                                                          |                                                                                                                                                                  |                8 |             32 |
|  ap_clk      | bd_0_i/hls_inst/U0/ap_CS_fsm_pp0_stage64                                                                                                                          |                                                                                                                                                                  |                8 |             32 |
|  ap_clk      | bd_0_i/hls_inst/U0/ap_CS_fsm_pp0_stage66                                                                                                                          |                                                                                                                                                                  |                8 |             32 |
|  ap_clk      | bd_0_i/hls_inst/U0/ap_CS_fsm_pp0_stage67                                                                                                                          |                                                                                                                                                                  |                8 |             32 |
|  ap_clk      | bd_0_i/hls_inst/U0/ap_CS_fsm_pp0_stage68                                                                                                                          |                                                                                                                                                                  |                8 |             32 |
|  ap_clk      | bd_0_i/hls_inst/U0/ap_CS_fsm_pp0_stage58                                                                                                                          |                                                                                                                                                                  |                8 |             32 |
|  ap_clk      | bd_0_i/hls_inst/U0/ap_CS_fsm_pp0_stage7                                                                                                                           |                                                                                                                                                                  |                8 |             32 |
|  ap_clk      | bd_0_i/hls_inst/U0/ap_CS_fsm_pp0_stage70                                                                                                                          |                                                                                                                                                                  |                8 |             32 |
|  ap_clk      | bd_0_i/hls_inst/U0/ap_CS_fsm_pp0_stage72                                                                                                                          |                                                                                                                                                                  |                8 |             32 |
|  ap_clk      | bd_0_i/hls_inst/U0/ap_CS_fsm_pp0_stage74                                                                                                                          |                                                                                                                                                                  |                8 |             32 |
|  ap_clk      | bd_0_i/hls_inst/U0/ap_CS_fsm_pp0_stage75                                                                                                                          |                                                                                                                                                                  |                8 |             32 |
|  ap_clk      | bd_0_i/hls_inst/U0/ap_CS_fsm_pp0_stage76                                                                                                                          |                                                                                                                                                                  |                8 |             32 |
|  ap_clk      | bd_0_i/hls_inst/U0/ap_CS_fsm_pp0_stage78                                                                                                                          |                                                                                                                                                                  |                8 |             32 |
|  ap_clk      | bd_0_i/hls_inst/U0/FIR16BitA_BUS_A_s_axi_U/m_filterArray_address0161_out                                                                                          |                                                                                                                                                                  |               16 |             32 |
|  ap_clk      | bd_0_i/hls_inst/U0/FIR16BitA_BUS_A_s_axi_U/m_filterArray_address0132_out                                                                                          |                                                                                                                                                                  |               23 |             32 |
|  ap_clk      | bd_0_i/hls_inst/U0/FIR16BitA_BUS_A_s_axi_U/m_filterArray_address0138_out                                                                                          |                                                                                                                                                                  |               15 |             32 |
|  ap_clk      | bd_0_i/hls_inst/U0/FIR16BitA_BUS_A_s_axi_U/m_filterArray_address013_out                                                                                           |                                                                                                                                                                  |               13 |             32 |
|  ap_clk      | bd_0_i/hls_inst/U0/FIR16BitA_BUS_A_s_axi_U/m_filterArray_address0144_out                                                                                          |                                                                                                                                                                  |               19 |             32 |
|  ap_clk      | bd_0_i/hls_inst/U0/FIR16BitA_BUS_A_s_axi_U/m_filterArray_address014_out                                                                                           |                                                                                                                                                                  |               14 |             32 |
|  ap_clk      | bd_0_i/hls_inst/U0/FIR16BitA_BUS_A_s_axi_U/m_filterArray_address0152_out                                                                                          |                                                                                                                                                                  |               11 |             32 |
|  ap_clk      | bd_0_i/hls_inst/U0/FIR16BitA_BUS_A_s_axi_U/m_filterArray_address0158_out                                                                                          |                                                                                                                                                                  |               17 |             32 |
|  ap_clk      | bd_0_i/hls_inst/U0/FIR16BitA_BUS_A_s_axi_U/m_filterArray_address0159_out                                                                                          |                                                                                                                                                                  |               13 |             32 |
|  ap_clk      | bd_0_i/hls_inst/U0/FIR16BitA_BUS_A_s_axi_U/m_filterArray_address0160_out                                                                                          |                                                                                                                                                                  |               15 |             32 |
|  ap_clk      | bd_0_i/hls_inst/U0/FIR16BitA_BUS_A_s_axi_U/ap_CS_fsm_reg[1][0]                                                                                                    |                                                                                                                                                                  |               11 |             32 |
|  ap_clk      | bd_0_i/hls_inst/U0/FIR16BitA_BUS_A_s_axi_U/ap_enable_reg_pp0_iter1_reg_0[0]                                                                                       |                                                                                                                                                                  |                7 |             32 |
|  ap_clk      | bd_0_i/hls_inst/U0/FIR16BitA_BUS_A_s_axi_U/ap_CS_fsm_reg[14][0]                                                                                                   |                                                                                                                                                                  |                6 |             32 |
|  ap_clk      | bd_0_i/hls_inst/U0/FIR16BitA_BUS_A_s_axi_U/ap_CS_fsm_reg[13][0]                                                                                                   |                                                                                                                                                                  |               20 |             32 |
|  ap_clk      | bd_0_i/hls_inst/U0/FIR16BitA_BUS_A_s_axi_U/ap_CS_fsm_reg[126][0]                                                                                                  |                                                                                                                                                                  |                6 |             32 |
|  ap_clk      | bd_0_i/hls_inst/U0/FIR16BitA_BUS_A_s_axi_U/ap_CS_fsm_reg[118][0]                                                                                                  |                                                                                                                                                                  |                5 |             32 |
|  ap_clk      | bd_0_i/hls_inst/U0/FIR16BitA_BUS_A_s_axi_U/m_filterArray_address015_out                                                                                           |                                                                                                                                                                  |               20 |             32 |
|  ap_clk      | bd_0_i/hls_inst/U0/FIR16BitA_BUS_A_s_axi_U/m_filterArray_address017_out                                                                                           |                                                                                                                                                                  |               14 |             32 |
|  ap_clk      | bd_0_i/hls_inst/U0/FIR16BitA_BUS_A_s_axi_U/m_filterArray_address016_out                                                                                           |                                                                                                                                                                  |               18 |             32 |
|  ap_clk      | bd_0_i/hls_inst/U0/FIR16BitA_BUS_A_s_axi_U/m_filterArray_address0164_out                                                                                          |                                                                                                                                                                  |               17 |             32 |
|  ap_clk      | bd_0_i/hls_inst/U0/FIR16BitA_BUS_A_s_axi_U/m_filterArray_address0163_out                                                                                          |                                                                                                                                                                  |               14 |             32 |
|  ap_clk      | bd_0_i/hls_inst/U0/FIR16BitA_BUS_A_s_axi_U/m_filterArray_address0162_out                                                                                          |                                                                                                                                                                  |               13 |             32 |
|  ap_clk      | bd_0_i/hls_inst/U0/FIR16BitA_BUS_A_s_axi_U/m_filterArray_address0117_out                                                                                          |                                                                                                                                                                  |               15 |             32 |
|  ap_clk      | bd_0_i/hls_inst/U0/FIR16BitA_BUS_A_s_axi_U/ap_CS_fsm_reg[51][0]                                                                                                   |                                                                                                                                                                  |                7 |             32 |
|  ap_clk      | bd_0_i/hls_inst/U0/FIR16BitA_BUS_A_s_axi_U/p_0_in13_out                                                                                                           |                                                                                                                                                                  |                7 |             32 |
|  ap_clk      | bd_0_i/hls_inst/U0/FIR16BitA_BUS_A_s_axi_U/ce0105                                                                                                                 |                                                                                                                                                                  |               15 |             32 |
|  ap_clk      | bd_0_i/hls_inst/U0/FIR16BitA_BUS_A_s_axi_U/m_filterArray_address0110_out                                                                                          |                                                                                                                                                                  |               15 |             32 |
|  ap_clk      | bd_0_i/hls_inst/U0/FIR16BitA_BUS_A_s_axi_U/m_filterArray_address0111_out                                                                                          |                                                                                                                                                                  |               15 |             32 |
|  ap_clk      | bd_0_i/hls_inst/U0/FIR16BitA_BUS_A_s_axi_U/m_filterArray_address0112_out                                                                                          |                                                                                                                                                                  |               26 |             32 |
|  ap_clk      | bd_0_i/hls_inst/U0/FIR16BitA_BUS_A_s_axi_U/m_filterArray_address0113_out                                                                                          |                                                                                                                                                                  |               19 |             32 |
|  ap_clk      | bd_0_i/hls_inst/U0/FIR16BitA_BUS_A_s_axi_U/m_filterArray_address0115_out                                                                                          |                                                                                                                                                                  |               19 |             32 |
|  ap_clk      | bd_0_i/hls_inst/U0/FIR16BitA_BUS_A_s_axi_U/m_filterArray_address019_out                                                                                           |                                                                                                                                                                  |                9 |             32 |
|  ap_clk      | bd_0_i/hls_inst/U0/FIR16BitA_BUS_A_s_axi_U/m_filterArray_address0118_out                                                                                          |                                                                                                                                                                  |               20 |             32 |
|  ap_clk      | bd_0_i/hls_inst/U0/FIR16BitA_BUS_A_s_axi_U/m_filterArray_address0120_out                                                                                          |                                                                                                                                                                  |               15 |             32 |
|  ap_clk      | bd_0_i/hls_inst/U0/FIR16BitA_BUS_A_s_axi_U/m_filterArray_address0122_out                                                                                          |                                                                                                                                                                  |               10 |             32 |
|  ap_clk      | bd_0_i/hls_inst/U0/FIR16BitA_BUS_A_s_axi_U/m_filterArray_address0124_out                                                                                          |                                                                                                                                                                  |               11 |             32 |
|  ap_clk      | bd_0_i/hls_inst/U0/FIR16BitA_BUS_A_s_axi_U/m_filterArray_address0128_out                                                                                          |                                                                                                                                                                  |               16 |             32 |
|  ap_clk      | bd_0_i/hls_inst/U0/add_ln22_44_reg_37680                                                                                                                          |                                                                                                                                                                  |               14 |             48 |
|  ap_clk      | bd_0_i/hls_inst/U0/FIR16BitA_BUS_A_s_axi_U/ap_CS_fsm_reg[55][0]                                                                                                   |                                                                                                                                                                  |               19 |             64 |
|  ap_clk      | bd_0_i/hls_inst/U0/ap_CS_fsm_pp0_stage97                                                                                                                          |                                                                                                                                                                  |               16 |             64 |
|  ap_clk      | bd_0_i/hls_inst/U0/ap_CS_fsm_pp0_stage79                                                                                                                          |                                                                                                                                                                  |               16 |             64 |
|  ap_clk      | bd_0_i/hls_inst/U0/FIR16BitA_BUS_A_s_axi_U/E[0]                                                                                                                   |                                                                                                                                                                  |               26 |             64 |
|  ap_clk      | bd_0_i/hls_inst/U0/ap_CS_fsm_pp0_stage89                                                                                                                          |                                                                                                                                                                  |               16 |             64 |
|  ap_clk      | bd_0_i/hls_inst/U0/ap_CS_fsm_pp0_stage85                                                                                                                          |                                                                                                                                                                  |               16 |             64 |
|  ap_clk      | bd_0_i/hls_inst/U0/ap_CS_fsm_pp0_stage73                                                                                                                          |                                                                                                                                                                  |               16 |             64 |
|  ap_clk      | bd_0_i/hls_inst/U0/FIR16BitA_BUS_A_s_axi_U/ap_CS_fsm_reg[18][0]                                                                                                   |                                                                                                                                                                  |               20 |             64 |
|  ap_clk      | bd_0_i/hls_inst/U0/FIR16BitA_BUS_A_s_axi_U/ap_CS_fsm_reg[56][0]                                                                                                   |                                                                                                                                                                  |               21 |             64 |
|  ap_clk      | bd_0_i/hls_inst/U0/FIR16BitA_BUS_A_s_axi_U/ap_CS_fsm_reg[54][0]                                                                                                   |                                                                                                                                                                  |               25 |             64 |
|  ap_clk      | bd_0_i/hls_inst/U0/FIR16BitA_BUS_A_s_axi_U/ap_CS_fsm_reg[53][0]                                                                                                   |                                                                                                                                                                  |               21 |             64 |
|  ap_clk      | bd_0_i/hls_inst/U0/FIR16BitA_BUS_A_s_axi_U/ap_CS_fsm_reg[52][0]                                                                                                   |                                                                                                                                                                  |               19 |             64 |
|  ap_clk      | bd_0_i/hls_inst/U0/FIR16BitA_BUS_A_s_axi_U/ap_CS_fsm_reg[50][0]                                                                                                   |                                                                                                                                                                  |               20 |             64 |
|  ap_clk      | bd_0_i/hls_inst/U0/FIR16BitA_BUS_A_s_axi_U/ap_CS_fsm_reg[49][0]                                                                                                   |                                                                                                                                                                  |               20 |             64 |
|  ap_clk      | bd_0_i/hls_inst/U0/FIR16BitA_BUS_A_s_axi_U/ap_CS_fsm_reg[48][0]                                                                                                   |                                                                                                                                                                  |               22 |             64 |
|  ap_clk      | bd_0_i/hls_inst/U0/FIR16BitA_BUS_A_s_axi_U/ap_CS_fsm_reg[47][0]                                                                                                   |                                                                                                                                                                  |               18 |             64 |
|  ap_clk      | bd_0_i/hls_inst/U0/FIR16BitA_BUS_A_s_axi_U/ap_CS_fsm_reg[28][0]                                                                                                   |                                                                                                                                                                  |               23 |             64 |
|  ap_clk      | bd_0_i/hls_inst/U0/FIR16BitA_BUS_A_s_axi_U/ap_CS_fsm_reg[46][0]                                                                                                   |                                                                                                                                                                  |               18 |             64 |
|  ap_clk      | bd_0_i/hls_inst/U0/FIR16BitA_BUS_A_s_axi_U/ap_CS_fsm_reg[44][0]                                                                                                   |                                                                                                                                                                  |               18 |             64 |
|  ap_clk      | bd_0_i/hls_inst/U0/FIR16BitA_BUS_A_s_axi_U/ap_CS_fsm_reg[42][0]                                                                                                   |                                                                                                                                                                  |               25 |             64 |
|  ap_clk      | bd_0_i/hls_inst/U0/FIR16BitA_BUS_A_s_axi_U/ap_CS_fsm_reg[41][0]                                                                                                   |                                                                                                                                                                  |               23 |             64 |
|  ap_clk      | bd_0_i/hls_inst/U0/FIR16BitA_BUS_A_s_axi_U/ap_CS_fsm_reg[40][0]                                                                                                   |                                                                                                                                                                  |               23 |             64 |
|  ap_clk      | bd_0_i/hls_inst/U0/FIR16BitA_BUS_A_s_axi_U/ap_CS_fsm_reg[39][0]                                                                                                   |                                                                                                                                                                  |               28 |             64 |
|  ap_clk      | bd_0_i/hls_inst/U0/FIR16BitA_BUS_A_s_axi_U/ap_CS_fsm_reg[38][0]                                                                                                   |                                                                                                                                                                  |               25 |             64 |
|  ap_clk      | bd_0_i/hls_inst/U0/ap_CS_fsm_pp0_stage65                                                                                                                          |                                                                                                                                                                  |               16 |             64 |
|  ap_clk      | bd_0_i/hls_inst/U0/FIR16BitA_BUS_A_s_axi_U/ap_CS_fsm_reg[20][0]                                                                                                   |                                                                                                                                                                  |               22 |             64 |
|  ap_clk      | bd_0_i/hls_inst/U0/FIR16BitA_BUS_A_s_axi_U/ap_CS_fsm_reg[22][0]                                                                                                   |                                                                                                                                                                  |               20 |             64 |
|  ap_clk      | bd_0_i/hls_inst/U0/FIR16BitA_BUS_A_s_axi_U/ap_CS_fsm_reg[24][0]                                                                                                   |                                                                                                                                                                  |               19 |             64 |
|  ap_clk      | bd_0_i/hls_inst/U0/FIR16BitA_BUS_A_s_axi_U/ap_CS_fsm_reg[25][0]                                                                                                   |                                                                                                                                                                  |               23 |             64 |
|  ap_clk      | bd_0_i/hls_inst/U0/FIR16BitA_BUS_A_s_axi_U/ap_CS_fsm_reg[26][0]                                                                                                   |                                                                                                                                                                  |               21 |             64 |
|  ap_clk      | bd_0_i/hls_inst/U0/FIR16BitA_BUS_A_s_axi_U/ap_CS_fsm_reg[29][0]                                                                                                   |                                                                                                                                                                  |               24 |             64 |
|  ap_clk      | bd_0_i/hls_inst/U0/FIR16BitA_BUS_A_s_axi_U/ap_CS_fsm_reg[30][0]                                                                                                   |                                                                                                                                                                  |               21 |             64 |
|  ap_clk      | bd_0_i/hls_inst/U0/FIR16BitA_BUS_A_s_axi_U/ap_CS_fsm_reg[32][0]                                                                                                   |                                                                                                                                                                  |               19 |             64 |
|  ap_clk      | bd_0_i/hls_inst/U0/FIR16BitA_BUS_A_s_axi_U/ap_CS_fsm_reg[33][0]                                                                                                   |                                                                                                                                                                  |               22 |             64 |
|  ap_clk      | bd_0_i/hls_inst/U0/FIR16BitA_BUS_A_s_axi_U/ap_CS_fsm_reg[34][0]                                                                                                   |                                                                                                                                                                  |               22 |             64 |
|  ap_clk      | bd_0_i/hls_inst/U0/FIR16BitA_BUS_A_s_axi_U/ap_CS_fsm_reg[35][0]                                                                                                   |                                                                                                                                                                  |               27 |             64 |
|  ap_clk      | bd_0_i/hls_inst/U0/FIR16BitA_BUS_A_s_axi_U/ap_CS_fsm_reg[36][0]                                                                                                   |                                                                                                                                                                  |               29 |             64 |
|  ap_clk      | bd_0_i/hls_inst/U0/ap_CS_fsm_pp0_stage102                                                                                                                         |                                                                                                                                                                  |               16 |             64 |
|  ap_clk      | bd_0_i/hls_inst/U0/FIR16BitA_fmul_32ns_32ns_32_4_max_dsp_1_U2/E[0]                                                                                                |                                                                                                                                                                  |               54 |             75 |
|  ap_clk      |                                                                                                                                                                   | bd_0_i/hls_inst/U0/FIR16BitA_BUS_A_s_axi_U/reset                                                                                                                 |               81 |            146 |
|  ap_clk      | bd_0_i/hls_inst/U0/grp_p_hls_fptosi_float_i_fu_699/ap_ce_reg                                                                                                      |                                                                                                                                                                  |               67 |            204 |
+--------------+-------------------------------------------------------------------------------------------------------------------------------------------------------------------+------------------------------------------------------------------------------------------------------------------------------------------------------------------+------------------+----------------+


