13:07:59 **** Build of project LEDexample_bsp ****
make -k all 
"Running Make include in ps7_cortexa9_0/libsrc/cpu_cortexa9_v2_7/src"
make -C ps7_cortexa9_0/libsrc/cpu_cortexa9_v2_7/src -s include  "SHELL=CMD" "COMPILER=arm-none-eabi-gcc" "ARCHIVER=arm-none-eabi-ar" "COMPILER_FLAGS=  -O2 -c" "EXTRA_COMPILER_FLAGS=-mcpu=cortex-a9 -mfpu=vfpv3 -mfloat-abi=hard -nostartfiles -g -Wall -Wextra"
"Running Make include in ps7_cortexa9_0/libsrc/standalone_v7_0/src"
make -C ps7_cortexa9_0/libsrc/standalone_v7_0/src -s include  "SHELL=CMD" "COMPILER=arm-none-eabi-gcc" "ARCHIVER=arm-none-eabi-ar" "COMPILER_FLAGS=  -O2 -c" "EXTRA_COMPILER_FLAGS=-mcpu=cortex-a9 -mfpu=vfpv3 -mfloat-abi=hard -nostartfiles -g -Wall -Wextra"
"Running Make include in ps7_cortexa9_0/libsrc/coresightps_dcc_v1_5/src"
make -C ps7_cortexa9_0/libsrc/coresightps_dcc_v1_5/src -s include  "SHELL=CMD" "COMPILER=arm-none-eabi-gcc" "ARCHIVER=arm-none-eabi-ar" "COMPILER_FLAGS=  -O2 -c" "EXTRA_COMPILER_FLAGS=-mcpu=cortex-a9 -mfpu=vfpv3 -mfloat-abi=hard -nostartfiles -g -Wall -Wextra"
"Running Make include in ps7_cortexa9_0/libsrc/ddrps_v1_0/src"
make -C ps7_cortexa9_0/libsrc/ddrps_v1_0/src -s include  "SHELL=CMD" "COMPILER=arm-none-eabi-gcc" "ARCHIVER=arm-none-eabi-ar" "COMPILER_FLAGS=  -O2 -c" "EXTRA_COMPILER_FLAGS=-mcpu=cortex-a9 -mfpu=vfpv3 -mfloat-abi=hard -nostartfiles -g -Wall -Wextra"
"Running Make include in ps7_cortexa9_0/libsrc/devcfg_v3_5/src"
make -C ps7_cortexa9_0/libsrc/devcfg_v3_5/src -s include  "SHELL=CMD" "COMPILER=arm-none-eabi-gcc" "ARCHIVER=arm-none-eabi-ar" "COMPILER_FLAGS=  -O2 -c" "EXTRA_COMPILER_FLAGS=-mcpu=cortex-a9 -mfpu=vfpv3 -mfloat-abi=hard -nostartfiles -g -Wall -Wextra"
"Running Make include in ps7_cortexa9_0/libsrc/dmaps_v2_4/src"
make -C ps7_cortexa9_0/libsrc/dmaps_v2_4/src -s include  "SHELL=CMD" "COMPILER=arm-none-eabi-gcc" "ARCHIVER=arm-none-eabi-ar" "COMPILER_FLAGS=  -O2 -c" "EXTRA_COMPILER_FLAGS=-mcpu=cortex-a9 -mfpu=vfpv3 -mfloat-abi=hard -nostartfiles -g -Wall -Wextra"
"Running Make include in ps7_cortexa9_0/libsrc/emacps_v3_9/src"
make -C ps7_cortexa9_0/libsrc/emacps_v3_9/src -s include  "SHELL=CMD" "COMPILER=arm-none-eabi-gcc" "ARCHIVER=arm-none-eabi-ar" "COMPILER_FLAGS=  -O2 -c" "EXTRA_COMPILER_FLAGS=-mcpu=cortex-a9 -mfpu=vfpv3 -mfloat-abi=hard -nostartfiles -g -Wall -Wextra"
"Running Make include in ps7_cortexa9_0/libsrc/gpio_v4_4/src"
make -C ps7_cortexa9_0/libsrc/gpio_v4_4/src -s include  "SHELL=CMD" "COMPILER=arm-none-eabi-gcc" "ARCHIVER=arm-none-eabi-ar" "COMPILER_FLAGS=  -O2 -c" "EXTRA_COMPILER_FLAGS=-mcpu=cortex-a9 -mfpu=vfpv3 -mfloat-abi=hard -nostartfiles -g -Wall -Wextra"
"Running Make include in ps7_cortexa9_0/libsrc/gpiops_v3_5/src"
make -C ps7_cortexa9_0/libsrc/gpiops_v3_5/src -s include  "SHELL=CMD" "COMPILER=arm-none-eabi-gcc" "ARCHIVER=arm-none-eabi-ar" "COMPILER_FLAGS=  -O2 -c" "EXTRA_COMPILER_FLAGS=-mcpu=cortex-a9 -mfpu=vfpv3 -mfloat-abi=hard -nostartfiles -g -Wall -Wextra"
"Running Make include in ps7_cortexa9_0/libsrc/qspips_v3_6/src"
make -C ps7_cortexa9_0/libsrc/qspips_v3_6/src -s include  "SHELL=CMD" "COMPILER=arm-none-eabi-gcc" "ARCHIVER=arm-none-eabi-ar" "COMPILER_FLAGS=  -O2 -c" "EXTRA_COMPILER_FLAGS=-mcpu=cortex-a9 -mfpu=vfpv3 -mfloat-abi=hard -nostartfiles -g -Wall -Wextra"
"Running Make include in ps7_cortexa9_0/libsrc/scugic_v4_0/src"
make -C ps7_cortexa9_0/libsrc/scugic_v4_0/src -s include  "SHELL=CMD" "COMPILER=arm-none-eabi-gcc" "ARCHIVER=arm-none-eabi-ar" "COMPILER_FLAGS=  -O2 -c" "EXTRA_COMPILER_FLAGS=-mcpu=cortex-a9 -mfpu=vfpv3 -mfloat-abi=hard -nostartfiles -g -Wall -Wextra"
"Running Make include in ps7_cortexa9_0/libsrc/scutimer_v2_1/src"
make -C ps7_cortexa9_0/libsrc/scutimer_v2_1/src -s include  "SHELL=CMD" "COMPILER=arm-none-eabi-gcc" "ARCHIVER=arm-none-eabi-ar" "COMPILER_FLAGS=  -O2 -c" "EXTRA_COMPILER_FLAGS=-mcpu=cortex-a9 -mfpu=vfpv3 -mfloat-abi=hard -nostartfiles -g -Wall -Wextra"
"Running Make include in ps7_cortexa9_0/libsrc/scuwdt_v2_1/src"
make -C ps7_cortexa9_0/libsrc/scuwdt_v2_1/src -s include  "SHELL=CMD" "COMPILER=arm-none-eabi-gcc" "ARCHIVER=arm-none-eabi-ar" "COMPILER_FLAGS=  -O2 -c" "EXTRA_COMPILER_FLAGS=-mcpu=cortex-a9 -mfpu=vfpv3 -mfloat-abi=hard -nostartfiles -g -Wall -Wextra"
"Running Make include in ps7_cortexa9_0/libsrc/ttcps_v3_9/src"
make -C ps7_cortexa9_0/libsrc/ttcps_v3_9/src -s include  "SHELL=CMD" "COMPILER=arm-none-eabi-gcc" "ARCHIVER=arm-none-eabi-ar" "COMPILER_FLAGS=  -O2 -c" "EXTRA_COMPILER_FLAGS=-mcpu=cortex-a9 -mfpu=vfpv3 -mfloat-abi=hard -nostartfiles -g -Wall -Wextra"
"Running Make include in ps7_cortexa9_0/libsrc/uartps_v3_7/src"
make -C ps7_cortexa9_0/libsrc/uartps_v3_7/src -s include  "SHELL=CMD" "COMPILER=arm-none-eabi-gcc" "ARCHIVER=arm-none-eabi-ar" "COMPILER_FLAGS=  -O2 -c" "EXTRA_COMPILER_FLAGS=-mcpu=cortex-a9 -mfpu=vfpv3 -mfloat-abi=hard -nostartfiles -g -Wall -Wextra"
"Running Make include in ps7_cortexa9_0/libsrc/xadcps_v2_3/src"
make -C ps7_cortexa9_0/libsrc/xadcps_v2_3/src -s include  "SHELL=CMD" "COMPILER=arm-none-eabi-gcc" "ARCHIVER=arm-none-eabi-ar" "COMPILER_FLAGS=  -O2 -c" "EXTRA_COMPILER_FLAGS=-mcpu=cortex-a9 -mfpu=vfpv3 -mfloat-abi=hard -nostartfiles -g -Wall -Wextra"
"Running Make libs in ps7_cortexa9_0/libsrc/cpu_cortexa9_v2_7/src"
make -C ps7_cortexa9_0/libsrc/cpu_cortexa9_v2_7/src -s libs  "SHELL=CMD" "COMPILER=arm-none-eabi-gcc" "ARCHIVER=arm-none-eabi-ar" "COMPILER_FLAGS=  -O2 -c" "EXTRA_COMPILER_FLAGS=-mcpu=cortex-a9 -mfpu=vfpv3 -mfloat-abi=hard -nostartfiles -g -Wall -Wextra"
"Compiling cpu_cortexa9"
"Running Make libs in ps7_cortexa9_0/libsrc/standalone_v7_0/src"
make -C ps7_cortexa9_0/libsrc/standalone_v7_0/src -s libs  "SHELL=CMD" "COMPILER=arm-none-eabi-gcc" "ARCHIVER=arm-none-eabi-ar" "COMPILER_FLAGS=  -O2 -c" "EXTRA_COMPILER_FLAGS=-mcpu=cortex-a9 -mfpu=vfpv3 -mfloat-abi=hard -nostartfiles -g -Wall -Wextra"
"Compiling standalone"
In file included from usleep.c:56:
xtime_l.h:87:9: note: #pragma message: For the sleep routines, Global timer is being used
 #pragma message ("For the sleep routines, Global timer is being used")
         ^~~~~~~
In file included from xil_sleeptimer.c:51:
xtime_l.h:87:9: note: #pragma message: For the sleep routines, Global timer is being used
 #pragma message ("For the sleep routines, Global timer is being used")
         ^~~~~~~
In file included from xtime_l.c:49:
xtime_l.h:87:9: note: #pragma message: For the sleep routines, Global timer is being used
 #pragma message ("For the sleep routines, Global timer is being used")
         ^~~~~~~
In file included from sleep.c:53:
xtime_l.h:87:9: note: #pragma message: For the sleep routines, Global timer is being used
 #pragma message ("For the sleep routines, Global timer is being used")
         ^~~~~~~
arm-none-eabi-ar: creating ../../../lib/libxil.a
"Running Make libs in ps7_cortexa9_0/libsrc/coresightps_dcc_v1_5/src"
make -C ps7_cortexa9_0/libsrc/coresightps_dcc_v1_5/src -s libs  "SHELL=CMD" "COMPILER=arm-none-eabi-gcc" "ARCHIVER=arm-none-eabi-ar" "COMPILER_FLAGS=  -O2 -c" "EXTRA_COMPILER_FLAGS=-mcpu=cortex-a9 -mfpu=vfpv3 -mfloat-abi=hard -nostartfiles -g -Wall -Wextra"
"Compiling coresightps_dcc"
"Running Make libs in ps7_cortexa9_0/libsrc/ddrps_v1_0/src"
make -C ps7_cortexa9_0/libsrc/ddrps_v1_0/src -s libs  "SHELL=CMD" "COMPILER=arm-none-eabi-gcc" "ARCHIVER=arm-none-eabi-ar" "COMPILER_FLAGS=  -O2 -c" "EXTRA_COMPILER_FLAGS=-mcpu=cortex-a9 -mfpu=vfpv3 -mfloat-abi=hard -nostartfiles -g -Wall -Wextra"
"Compiling ddrps"
"Running Make libs in ps7_cortexa9_0/libsrc/devcfg_v3_5/src"
make -C ps7_cortexa9_0/libsrc/devcfg_v3_5/src -s libs  "SHELL=CMD" "COMPILER=arm-none-eabi-gcc" "ARCHIVER=arm-none-eabi-ar" "COMPILER_FLAGS=  -O2 -c" "EXTRA_COMPILER_FLAGS=-mcpu=cortex-a9 -mfpu=vfpv3 -mfloat-abi=hard -nostartfiles -g -Wall -Wextra"
"Compiling devcfg"
"Running Make libs in ps7_cortexa9_0/libsrc/dmaps_v2_4/src"
make -C ps7_cortexa9_0/libsrc/dmaps_v2_4/src -s libs  "SHELL=CMD" "COMPILER=arm-none-eabi-gcc" "ARCHIVER=arm-none-eabi-ar" "COMPILER_FLAGS=  -O2 -c" "EXTRA_COMPILER_FLAGS=-mcpu=cortex-a9 -mfpu=vfpv3 -mfloat-abi=hard -nostartfiles -g -Wall -Wextra"
"Compiling dmaps"
"Running Make libs in ps7_cortexa9_0/libsrc/emacps_v3_9/src"
make -C ps7_cortexa9_0/libsrc/emacps_v3_9/src -s libs  "SHELL=CMD" "COMPILER=arm-none-eabi-gcc" "ARCHIVER=arm-none-eabi-ar" "COMPILER_FLAGS=  -O2 -c" "EXTRA_COMPILER_FLAGS=-mcpu=cortex-a9 -mfpu=vfpv3 -mfloat-abi=hard -nostartfiles -g -Wall -Wextra"
"Compiling emacps"
"Running Make libs in ps7_cortexa9_0/libsrc/gpio_v4_4/src"
make -C ps7_cortexa9_0/libsrc/gpio_v4_4/src -s libs  "SHELL=CMD" "COMPILER=arm-none-eabi-gcc" "ARCHIVER=arm-none-eabi-ar" "COMPILER_FLAGS=  -O2 -c" "EXTRA_COMPILER_FLAGS=-mcpu=cortex-a9 -mfpu=vfpv3 -mfloat-abi=hard -nostartfiles -g -Wall -Wextra"
"Compiling gpio"
"Running Make libs in ps7_cortexa9_0/libsrc/gpiops_v3_5/src"
make -C ps7_cortexa9_0/libsrc/gpiops_v3_5/src -s libs  "SHELL=CMD" "COMPILER=arm-none-eabi-gcc" "ARCHIVER=arm-none-eabi-ar" "COMPILER_FLAGS=  -O2 -c" "EXTRA_COMPILER_FLAGS=-mcpu=cortex-a9 -mfpu=vfpv3 -mfloat-abi=hard -nostartfiles -g -Wall -Wextra"
"Compiling gpiops"
"Running Make libs in ps7_cortexa9_0/libsrc/qspips_v3_6/src"
make -C ps7_cortexa9_0/libsrc/qspips_v3_6/src -s libs  "SHELL=CMD" "COMPILER=arm-none-eabi-gcc" "ARCHIVER=arm-none-eabi-ar" "COMPILER_FLAGS=  -O2 -c" "EXTRA_COMPILER_FLAGS=-mcpu=cortex-a9 -mfpu=vfpv3 -mfloat-abi=hard -nostartfiles -g -Wall -Wextra"
"Compiling qspips"
"Running Make libs in ps7_cortexa9_0/libsrc/scugic_v4_0/src"
make -C ps7_cortexa9_0/libsrc/scugic_v4_0/src -s libs  "SHELL=CMD" "COMPILER=arm-none-eabi-gcc" "ARCHIVER=arm-none-eabi-ar" "COMPILER_FLAGS=  -O2 -c" "EXTRA_COMPILER_FLAGS=-mcpu=cortex-a9 -mfpu=vfpv3 -mfloat-abi=hard -nostartfiles -g -Wall -Wextra"
"Compiling scugic"
"Running Make libs in ps7_cortexa9_0/libsrc/scutimer_v2_1/src"
make -C ps7_cortexa9_0/libsrc/scutimer_v2_1/src -s libs  "SHELL=CMD" "COMPILER=arm-none-eabi-gcc" "ARCHIVER=arm-none-eabi-ar" "COMPILER_FLAGS=  -O2 -c" "EXTRA_COMPILER_FLAGS=-mcpu=cortex-a9 -mfpu=vfpv3 -mfloat-abi=hard -nostartfiles -g -Wall -Wextra"
"Compiling scutimer"
"Running Make libs in ps7_cortexa9_0/libsrc/scuwdt_v2_1/src"
make -C ps7_cortexa9_0/libsrc/scuwdt_v2_1/src -s libs  "SHELL=CMD" "COMPILER=arm-none-eabi-gcc" "ARCHIVER=arm-none-eabi-ar" "COMPILER_FLAGS=  -O2 -c" "EXTRA_COMPILER_FLAGS=-mcpu=cortex-a9 -mfpu=vfpv3 -mfloat-abi=hard -nostartfiles -g -Wall -Wextra"
"Compiling scuwdt"
"Running Make libs in ps7_cortexa9_0/libsrc/ttcps_v3_9/src"
make -C ps7_cortexa9_0/libsrc/ttcps_v3_9/src -s libs  "SHELL=CMD" "COMPILER=arm-none-eabi-gcc" "ARCHIVER=arm-none-eabi-ar" "COMPILER_FLAGS=  -O2 -c" "EXTRA_COMPILER_FLAGS=-mcpu=cortex-a9 -mfpu=vfpv3 -mfloat-abi=hard -nostartfiles -g -Wall -Wextra"
"Compiling ttcps"
"Running Make libs in ps7_cortexa9_0/libsrc/uartps_v3_7/src"
make -C ps7_cortexa9_0/libsrc/uartps_v3_7/src -s libs  "SHELL=CMD" "COMPILER=arm-none-eabi-gcc" "ARCHIVER=arm-none-eabi-ar" "COMPILER_FLAGS=  -O2 -c" "EXTRA_COMPILER_FLAGS=-mcpu=cortex-a9 -mfpu=vfpv3 -mfloat-abi=hard -nostartfiles -g -Wall -Wextra"
"Compiling uartps"
"Running Make libs in ps7_cortexa9_0/libsrc/xadcps_v2_3/src"
make -C ps7_cortexa9_0/libsrc/xadcps_v2_3/src -s libs  "SHELL=CMD" "COMPILER=arm-none-eabi-gcc" "ARCHIVER=arm-none-eabi-ar" "COMPILER_FLAGS=  -O2 -c" "EXTRA_COMPILER_FLAGS=-mcpu=cortex-a9 -mfpu=vfpv3 -mfloat-abi=hard -nostartfiles -g -Wall -Wextra"
"Compiling xadcps"
'Finished building libraries'
13:08:38 **** Build of configuration Debug for project LEDexample ****
make pre-build main-build 
a9-linaro-pre-build-step
' '
'Building file: ../src/helloworld.c'
'Invoking: ARM v7 gcc compiler'
arm-none-eabi-gcc -Wall -O0 -g3 -c -fmessage-length=0 -MT"src/helloworld.o" -mcpu=cortex-a9 -mfpu=vfpv3 -mfloat-abi=hard -I../../LEDexample_bsp/ps7_cortexa9_0/include -MMD -MP -MF"src/helloworld.d" -MT"src/helloworld.o" -o "src/helloworld.o" "../src/helloworld.c"
'Finished building: ../src/helloworld.c'
' '
'Building file: ../src/platform.c'
'Invoking: ARM v7 gcc compiler'
arm-none-eabi-gcc -Wall -O0 -g3 -c -fmessage-length=0 -MT"src/platform.o" -mcpu=cortex-a9 -mfpu=vfpv3 -mfloat-abi=hard -I../../LEDexample_bsp/ps7_cortexa9_0/include -MMD -MP -MF"src/platform.d" -MT"src/platform.o" -o "src/platform.o" "../src/platform.c"
'Finished building: ../src/platform.c'
' '
'Building target: LEDexample.elf'
'Invoking: ARM v7 gcc linker'
arm-none-eabi-gcc -mcpu=cortex-a9 -mfpu=vfpv3 -mfloat-abi=hard -Wl,-build-id=none -specs=Xilinx.spec -Wl,-T -Wl,../src/lscript.ld -L../../LEDexample_bsp/ps7_cortexa9_0/lib -o "LEDexample.elf"  ./src/helloworld.o ./src/platform.o   -Wl,--start-group,-lxil,-lgcc,-lc,--end-group
'Finished building target: LEDexample.elf'
' '
'Invoking: ARM v7 Print Size'
arm-none-eabi-size LEDexample.elf  |tee "LEDexample.elf.size"
   text	   data	    bss	    dec	    hex	filename
  19064	   1144	  22568	  42776	   a718	LEDexample.elf
'Finished building: LEDexample.elf.size'
' '
13:08:40 **** Auto Build of configuration Debug for project LEDexample ****
make pre-build main-build 
a9-linaro-pre-build-step
' '
make: Nothing to be done for 'main-build'.
13:10:04 **** Auto Build of configuration Debug for project LEDexample ****
make pre-build main-build 
a9-linaro-pre-build-step
' '
'Building file: ../src/helloworld.c'
'Invoking: ARM v7 gcc compiler'
arm-none-eabi-gcc -Wall -O0 -g3 -c -fmessage-length=0 -MT"src/helloworld.o" -mcpu=cortex-a9 -mfpu=vfpv3 -mfloat-abi=hard -I../../LEDexample_bsp/ps7_cortexa9_0/include -MMD -MP -MF"src/helloworld.d" -MT"src/helloworld.o" -o "src/helloworld.o" "../src/helloworld.c"
../src/helloworld.c: In function 'main':
../src/helloworld.c:115:7: warning: this 'for' clause does not guard... [-Wmisleading-indentation]
       for (Delay = 0; Delay < LED_DELAY; Delay++);
       ^~~
../src/helloworld.c:116:4: note: ...this statement, but the latter is misleadingly indented as if it were guarded by the 'for'
    XGpioPs_WritePin(&mio_emio_pmod2, EMIO_54, 0x1);
    ^~~~~~~~~~~~~~~~
../src/helloworld.c:120:7: warning: this 'for' clause does not guard... [-Wmisleading-indentation]
       for (Delay = 0; Delay < LED_DELAY; Delay++);
       ^~~
../src/helloworld.c:121:4: note: ...this statement, but the latter is misleadingly indented as if it were guarded by the 'for'
    XGpioPs_WritePin(&mio_emio_pmod2, EMIO_55, 0x1);
    ^~~~~~~~~~~~~~~~
../src/helloworld.c:125:7: warning: this 'for' clause does not guard... [-Wmisleading-indentation]
       for (Delay = 0; Delay < LED_DELAY; Delay++);
       ^~~
../src/helloworld.c:126:4: note: ...this statement, but the latter is misleadingly indented as if it were guarded by the 'for'
    XGpioPs_WritePin(&mio_emio_pmod2, EMIO_56, 0x1);
    ^~~~~~~~~~~~~~~~
../src/helloworld.c:130:7: warning: this 'for' clause does not guard... [-Wmisleading-indentation]
       for (Delay = 0; Delay < LED_DELAY; Delay++);
       ^~~
../src/helloworld.c:131:4: note: ...this statement, but the latter is misleadingly indented as if it were guarded by the 'for'
    XGpioPs_WritePin(&mio_emio_pmod2, EMIO_57, 0x1);
    ^~~~~~~~~~~~~~~~
'Finished building: ../src/helloworld.c'
' '
'Building target: LEDexample.elf'
'Invoking: ARM v7 gcc linker'
arm-none-eabi-gcc -mcpu=cortex-a9 -mfpu=vfpv3 -mfloat-abi=hard -Wl,-build-id=none -specs=Xilinx.spec -Wl,-T -Wl,../src/lscript.ld -L../../LEDexample_bsp/ps7_cortexa9_0/lib -o "LEDexample.elf"  ./src/helloworld.o ./src/platform.o   -Wl,--start-group,-lxil,-lgcc,-lc,--end-group
'Finished building target: LEDexample.elf'
' '
'Invoking: ARM v7 Print Size'
arm-none-eabi-size LEDexample.elf  |tee "LEDexample.elf.size"
   text	   data	    bss	    dec	    hex	filename
  38784	   1568	  23320	  63672	   f8b8	LEDexample.elf
'Finished building: LEDexample.elf.size'
' '
13:12:28 **** Incremental Build of configuration Debug for project LEDexample ****
make pre-build main-build 
a9-linaro-pre-build-step
' '
'Building file: ../src/helloworld.c'
'Invoking: ARM v7 gcc compiler'
arm-none-eabi-gcc -Wall -O0 -g3 -c -fmessage-length=0 -MT"src/helloworld.o" -mcpu=cortex-a9 -mfpu=vfpv3 -mfloat-abi=hard -I../../LEDexample_bsp/ps7_cortexa9_0/include -MMD -MP -MF"src/helloworld.d" -MT"src/helloworld.o" -o "src/helloworld.o" "../src/helloworld.c"
../src/helloworld.c: In function 'main':
../src/helloworld.c:117:7: warning: this 'for' clause does not guard... [-Wmisleading-indentation]
       for (Delay = 0; Delay < LED_DELAY; Delay++);
       ^~~
../src/helloworld.c:118:4: note: ...this statement, but the latter is misleadingly indented as if it were guarded by the 'for'
    XGpioPs_WritePin(&mio_emio_pmod2, EMIO_54, 0x1);
    ^~~~~~~~~~~~~~~~
../src/helloworld.c:122:7: warning: this 'for' clause does not guard... [-Wmisleading-indentation]
       for (Delay = 0; Delay < LED_DELAY; Delay++);
       ^~~
../src/helloworld.c:123:4: note: ...this statement, but the latter is misleadingly indented as if it were guarded by the 'for'
    XGpioPs_WritePin(&mio_emio_pmod2, EMIO_55, 0x1);
    ^~~~~~~~~~~~~~~~
../src/helloworld.c:127:7: warning: this 'for' clause does not guard... [-Wmisleading-indentation]
       for (Delay = 0; Delay < LED_DELAY; Delay++);
       ^~~
../src/helloworld.c:128:4: note: ...this statement, but the latter is misleadingly indented as if it were guarded by the 'for'
    XGpioPs_WritePin(&mio_emio_pmod2, EMIO_56, 0x1);
    ^~~~~~~~~~~~~~~~
../src/helloworld.c:132:7: warning: this 'for' clause does not guard... [-Wmisleading-indentation]
       for (Delay = 0; Delay < LED_DELAY; Delay++);
       ^~~
../src/helloworld.c:133:4: note: ...this statement, but the latter is misleadingly indented as if it were guarded by the 'for'
    XGpioPs_WritePin(&mio_emio_pmod2, EMIO_57, 0x1);
    ^~~~~~~~~~~~~~~~
'Finished building: ../src/helloworld.c'
' '
'Building target: LEDexample.elf'
'Invoking: ARM v7 gcc linker'
arm-none-eabi-gcc -mcpu=cortex-a9 -mfpu=vfpv3 -mfloat-abi=hard -Wl,-build-id=none -specs=Xilinx.spec -Wl,-T -Wl,../src/lscript.ld -L../../LEDexample_bsp/ps7_cortexa9_0/lib -o "LEDexample.elf"  ./src/helloworld.o ./src/platform.o   -Wl,--start-group,-lxil,-lgcc,-lc,--end-group
'Finished building target: LEDexample.elf'
' '
'Invoking: ARM v7 Print Size'
arm-none-eabi-size LEDexample.elf  |tee "LEDexample.elf.size"
   text	   data	    bss	    dec	    hex	filename
  38272	   1568	  23320	  63160	   f6b8	LEDexample.elf
'Finished building: LEDexample.elf.size'
' '
13:13:55 **** Incremental Build of configuration Debug for project LEDexample ****
make pre-build main-build 
a9-linaro-pre-build-step
' '
'Building file: ../src/helloworld.c'
'Invoking: ARM v7 gcc compiler'
arm-none-eabi-gcc -Wall -O0 -g3 -c -fmessage-length=0 -MT"src/helloworld.o" -mcpu=cortex-a9 -mfpu=vfpv3 -mfloat-abi=hard -I../../LEDexample_bsp/ps7_cortexa9_0/include -MMD -MP -MF"src/helloworld.d" -MT"src/helloworld.o" -o "src/helloworld.o" "../src/helloworld.c"
../src/helloworld.c: In function 'main':
../src/helloworld.c:117:7: warning: this 'for' clause does not guard... [-Wmisleading-indentation]
       for (Delay = 0; Delay < LED_DELAY; Delay++);
       ^~~
../src/helloworld.c:118:4: note: ...this statement, but the latter is misleadingly indented as if it were guarded by the 'for'
    XGpioPs_WritePin(&mio_emio_pmod2, EMIO_54, 0x0);
    ^~~~~~~~~~~~~~~~
../src/helloworld.c:122:7: warning: this 'for' clause does not guard... [-Wmisleading-indentation]
       for (Delay = 0; Delay < LED_DELAY; Delay++);
       ^~~
../src/helloworld.c:123:4: note: ...this statement, but the latter is misleadingly indented as if it were guarded by the 'for'
    XGpioPs_WritePin(&mio_emio_pmod2, EMIO_55, 0x1);
    ^~~~~~~~~~~~~~~~
../src/helloworld.c:127:7: warning: this 'for' clause does not guard... [-Wmisleading-indentation]
       for (Delay = 0; Delay < LED_DELAY; Delay++);
       ^~~
../src/helloworld.c:128:4: note: ...this statement, but the latter is misleadingly indented as if it were guarded by the 'for'
    XGpioPs_WritePin(&mio_emio_pmod2, EMIO_56, 0x0);
    ^~~~~~~~~~~~~~~~
../src/helloworld.c:132:7: warning: this 'for' clause does not guard... [-Wmisleading-indentation]
       for (Delay = 0; Delay < LED_DELAY; Delay++);
       ^~~
../src/helloworld.c:133:4: note: ...this statement, but the latter is misleadingly indented as if it were guarded by the 'for'
    XGpioPs_WritePin(&mio_emio_pmod2, EMIO_57, 0x0);
    ^~~~~~~~~~~~~~~~
'Finished building: ../src/helloworld.c'
' '
'Building target: LEDexample.elf'
'Invoking: ARM v7 gcc linker'
arm-none-eabi-gcc -mcpu=cortex-a9 -mfpu=vfpv3 -mfloat-abi=hard -Wl,-build-id=none -specs=Xilinx.spec -Wl,-T -Wl,../src/lscript.ld -L../../LEDexample_bsp/ps7_cortexa9_0/lib -o "LEDexample.elf"  ./src/helloworld.o ./src/platform.o   -Wl,--start-group,-lxil,-lgcc,-lc,--end-group
'Finished building target: LEDexample.elf'
' '
'Invoking: ARM v7 Print Size'
arm-none-eabi-size LEDexample.elf  |tee "LEDexample.elf.size"
   text	   data	    bss	    dec	    hex	filename
  38272	   1568	  23320	  63160	   f6b8	LEDexample.elf
'Finished building: LEDexample.elf.size'
' '
13:15:48 **** Auto Build of configuration Debug for project LEDexample ****
make pre-build main-build 
a9-linaro-pre-build-step
' '
'Building file: ../src/helloworld.c'
'Invoking: ARM v7 gcc compiler'
arm-none-eabi-gcc -Wall -O0 -g3 -c -fmessage-length=0 -MT"src/helloworld.o" -mcpu=cortex-a9 -mfpu=vfpv3 -mfloat-abi=hard -I../../LEDexample_bsp/ps7_cortexa9_0/include -MMD -MP -MF"src/helloworld.d" -MT"src/helloworld.o" -o "src/helloworld.o" "../src/helloworld.c"
../src/helloworld.c: In function 'main':
../src/helloworld.c:117:7: warning: this 'for' clause does not guard... [-Wmisleading-indentation]
       for (Delay = 0; Delay < LED_DELAY; Delay++);
       ^~~
../src/helloworld.c:118:4: note: ...this statement, but the latter is misleadingly indented as if it were guarded by the 'for'
    XGpioPs_WritePin(&mio_emio_pmod2, EMIO_54, 0x1);
    ^~~~~~~~~~~~~~~~
../src/helloworld.c:122:7: warning: this 'for' clause does not guard... [-Wmisleading-indentation]
       for (Delay = 0; Delay < LED_DELAY; Delay++);
       ^~~
../src/helloworld.c:123:4: note: ...this statement, but the latter is misleadingly indented as if it were guarded by the 'for'
    XGpioPs_WritePin(&mio_emio_pmod2, EMIO_55, 0x1);
    ^~~~~~~~~~~~~~~~
../src/helloworld.c:127:7: warning: this 'for' clause does not guard... [-Wmisleading-indentation]
       for (Delay = 0; Delay < LED_DELAY; Delay++);
       ^~~
../src/helloworld.c:128:4: note: ...this statement, but the latter is misleadingly indented as if it were guarded by the 'for'
    XGpioPs_WritePin(&mio_emio_pmod2, EMIO_56, 0x1);
    ^~~~~~~~~~~~~~~~
../src/helloworld.c:132:7: warning: this 'for' clause does not guard... [-Wmisleading-indentation]
       for (Delay = 0; Delay < LED_DELAY; Delay++);
       ^~~
../src/helloworld.c:133:4: note: ...this statement, but the latter is misleadingly indented as if it were guarded by the 'for'
    XGpioPs_WritePin(&mio_emio_pmod2, EMIO_57, 0x1);
    ^~~~~~~~~~~~~~~~
'Finished building: ../src/helloworld.c'
' '
'Building target: LEDexample.elf'
'Invoking: ARM v7 gcc linker'
arm-none-eabi-gcc -mcpu=cortex-a9 -mfpu=vfpv3 -mfloat-abi=hard -Wl,-build-id=none -specs=Xilinx.spec -Wl,-T -Wl,../src/lscript.ld -L../../LEDexample_bsp/ps7_cortexa9_0/lib -o "LEDexample.elf"  ./src/helloworld.o ./src/platform.o   -Wl,--start-group,-lxil,-lgcc,-lc,--end-group
'Finished building target: LEDexample.elf'
' '
'Invoking: ARM v7 Print Size'
arm-none-eabi-size LEDexample.elf  |tee "LEDexample.elf.size"
   text	   data	    bss	    dec	    hex	filename
  38272	   1568	  23320	  63160	   f6b8	LEDexample.elf
'Finished building: LEDexample.elf.size'
' '
13:16:02 **** Incremental Build of configuration Debug for project LEDexample ****
make pre-build main-build 
a9-linaro-pre-build-step
' '
make: Nothing to be done for 'main-build'.
13:37:48 **** Incremental Build of configuration Debug for project LEDexample ****
make pre-build main-build 
a9-linaro-pre-build-step
' '
'Building file: ../src/helloworld.c'
'Invoking: ARM v7 gcc compiler'
arm-none-eabi-gcc -Wall -O0 -g3 -c -fmessage-length=0 -MT"src/helloworld.o" -mcpu=cortex-a9 -mfpu=vfpv3 -mfloat-abi=hard -I../../LEDexample_bsp/ps7_cortexa9_0/include -MMD -MP -MF"src/helloworld.d" -MT"src/helloworld.o" -o "src/helloworld.o" "../src/helloworld.c"
../src/helloworld.c: In function 'main':
../src/helloworld.c:98:16: warning: statement with no effect [-Wunused-value]
        (number >> 1);
        ~~~~~~~~^~~~~
../src/helloworld.c:126:7: warning: this 'for' clause does not guard... [-Wmisleading-indentation]
       for (Delay = 0; Delay < LED_DELAY; Delay++);
       ^~~
../src/helloworld.c:127:4: note: ...this statement, but the latter is misleadingly indented as if it were guarded by the 'for'
    XGpioPs_WritePin(&mio_emio_pmod2, EMIO_54, a[0]);
    ^~~~~~~~~~~~~~~~
../src/helloworld.c:131:7: warning: this 'for' clause does not guard... [-Wmisleading-indentation]
       for (Delay = 0; Delay < LED_DELAY; Delay++);
       ^~~
../src/helloworld.c:132:4: note: ...this statement, but the latter is misleadingly indented as if it were guarded by the 'for'
    XGpioPs_WritePin(&mio_emio_pmod2, EMIO_55, a[1]);
    ^~~~~~~~~~~~~~~~
../src/helloworld.c:136:7: warning: this 'for' clause does not guard... [-Wmisleading-indentation]
       for (Delay = 0; Delay < LED_DELAY; Delay++);
       ^~~
../src/helloworld.c:137:4: note: ...this statement, but the latter is misleadingly indented as if it were guarded by the 'for'
    XGpioPs_WritePin(&mio_emio_pmod2, EMIO_56, a[2]);
    ^~~~~~~~~~~~~~~~
../src/helloworld.c:141:7: warning: this 'for' clause does not guard... [-Wmisleading-indentation]
       for (Delay = 0; Delay < LED_DELAY; Delay++);
       ^~~
../src/helloworld.c:142:4: note: ...this statement, but the latter is misleadingly indented as if it were guarded by the 'for'
    XGpioPs_WritePin(&mio_emio_pmod2, EMIO_57, a[3]);
    ^~~~~~~~~~~~~~~~
'Finished building: ../src/helloworld.c'
' '
'Building target: LEDexample.elf'
'Invoking: ARM v7 gcc linker'
arm-none-eabi-gcc -mcpu=cortex-a9 -mfpu=vfpv3 -mfloat-abi=hard -Wl,-build-id=none -specs=Xilinx.spec -Wl,-T -Wl,../src/lscript.ld -L../../LEDexample_bsp/ps7_cortexa9_0/lib -o "LEDexample.elf"  ./src/helloworld.o ./src/platform.o   -Wl,--start-group,-lxil,-lgcc,-lc,--end-group
'Finished building target: LEDexample.elf'
' '
'Invoking: ARM v7 Print Size'
arm-none-eabi-size LEDexample.elf  |tee "LEDexample.elf.size"
   text	   data	    bss	    dec	    hex	filename
  38400	   1568	  23320	  63288	   f738	LEDexample.elf
'Finished building: LEDexample.elf.size'
' '
13:38:41 **** Auto Build of configuration Debug for project LEDexample ****
make pre-build main-build 
a9-linaro-pre-build-step
' '
'Building file: ../src/helloworld.c'
'Invoking: ARM v7 gcc compiler'
arm-none-eabi-gcc -Wall -O0 -g3 -c -fmessage-length=0 -MT"src/helloworld.o" -mcpu=cortex-a9 -mfpu=vfpv3 -mfloat-abi=hard -I../../LEDexample_bsp/ps7_cortexa9_0/include -MMD -MP -MF"src/helloworld.d" -MT"src/helloworld.o" -o "src/helloworld.o" "../src/helloworld.c"
../src/helloworld.c: In function 'main':
../src/helloworld.c:126:7: warning: this 'for' clause does not guard... [-Wmisleading-indentation]
       for (Delay = 0; Delay < LED_DELAY; Delay++);
       ^~~
../src/helloworld.c:127:4: note: ...this statement, but the latter is misleadingly indented as if it were guarded by the 'for'
    XGpioPs_WritePin(&mio_emio_pmod2, EMIO_54, a[0]);
    ^~~~~~~~~~~~~~~~
../src/helloworld.c:131:7: warning: this 'for' clause does not guard... [-Wmisleading-indentation]
       for (Delay = 0; Delay < LED_DELAY; Delay++);
       ^~~
../src/helloworld.c:132:4: note: ...this statement, but the latter is misleadingly indented as if it were guarded by the 'for'
    XGpioPs_WritePin(&mio_emio_pmod2, EMIO_55, a[1]);
    ^~~~~~~~~~~~~~~~
../src/helloworld.c:136:7: warning: this 'for' clause does not guard... [-Wmisleading-indentation]
       for (Delay = 0; Delay < LED_DELAY; Delay++);
       ^~~
../src/helloworld.c:137:4: note: ...this statement, but the latter is misleadingly indented as if it were guarded by the 'for'
    XGpioPs_WritePin(&mio_emio_pmod2, EMIO_56, a[2]);
    ^~~~~~~~~~~~~~~~
../src/helloworld.c:141:7: warning: this 'for' clause does not guard... [-Wmisleading-indentation]
       for (Delay = 0; Delay < LED_DELAY; Delay++);
       ^~~
../src/helloworld.c:142:4: note: ...this statement, but the latter is misleadingly indented as if it were guarded by the 'for'
    XGpioPs_WritePin(&mio_emio_pmod2, EMIO_57, a[3]);
    ^~~~~~~~~~~~~~~~
'Finished building: ../src/helloworld.c'
' '
'Building target: LEDexample.elf'
'Invoking: ARM v7 gcc linker'
arm-none-eabi-gcc -mcpu=cortex-a9 -mfpu=vfpv3 -mfloat-abi=hard -Wl,-build-id=none -specs=Xilinx.spec -Wl,-T -Wl,../src/lscript.ld -L../../LEDexample_bsp/ps7_cortexa9_0/lib -o "LEDexample.elf"  ./src/helloworld.o ./src/platform.o   -Wl,--start-group,-lxil,-lgcc,-lc,--end-group
'Finished building target: LEDexample.elf'
' '
'Invoking: ARM v7 Print Size'
arm-none-eabi-size LEDexample.elf  |tee "LEDexample.elf.size"
   text	   data	    bss	    dec	    hex	filename
  38400	   1568	  23320	  63288	   f738	LEDexample.elf
'Finished building: LEDexample.elf.size'
' '
13:38:50 **** Incremental Build of configuration Debug for project LEDexample ****
make pre-build main-build 
a9-linaro-pre-build-step
' '
make: Nothing to be done for 'main-build'.
13:39:14 **** Incremental Build of configuration Debug for project LEDexample ****
make pre-build main-build 
a9-linaro-pre-build-step
' '
make: Nothing to be done for 'main-build'.
13:40:03 **** Incremental Build of configuration Debug for project LEDexample ****
make pre-build main-build 
a9-linaro-pre-build-step
' '
'Building file: ../src/helloworld.c'
'Invoking: ARM v7 gcc compiler'
arm-none-eabi-gcc -Wall -O0 -g3 -c -fmessage-length=0 -MT"src/helloworld.o" -mcpu=cortex-a9 -mfpu=vfpv3 -mfloat-abi=hard -I../../LEDexample_bsp/ps7_cortexa9_0/include -MMD -MP -MF"src/helloworld.d" -MT"src/helloworld.o" -o "src/helloworld.o" "../src/helloworld.c"
../src/helloworld.c: In function 'main':
../src/helloworld.c:126:7: warning: this 'for' clause does not guard... [-Wmisleading-indentation]
       for (Delay = 0; Delay < LED_DELAY; Delay++);
       ^~~
../src/helloworld.c:127:4: note: ...this statement, but the latter is misleadingly indented as if it were guarded by the 'for'
    XGpioPs_WritePin(&mio_emio_pmod2, EMIO_54, 1);
    ^~~~~~~~~~~~~~~~
../src/helloworld.c:131:7: warning: this 'for' clause does not guard... [-Wmisleading-indentation]
       for (Delay = 0; Delay < LED_DELAY; Delay++);
       ^~~
../src/helloworld.c:132:4: note: ...this statement, but the latter is misleadingly indented as if it were guarded by the 'for'
    XGpioPs_WritePin(&mio_emio_pmod2, EMIO_55, 0);
    ^~~~~~~~~~~~~~~~
../src/helloworld.c:136:7: warning: this 'for' clause does not guard... [-Wmisleading-indentation]
       for (Delay = 0; Delay < LED_DELAY; Delay++);
       ^~~
../src/helloworld.c:137:4: note: ...this statement, but the latter is misleadingly indented as if it were guarded by the 'for'
    XGpioPs_WritePin(&mio_emio_pmod2, EMIO_56, 1);
    ^~~~~~~~~~~~~~~~
../src/helloworld.c:141:7: warning: this 'for' clause does not guard... [-Wmisleading-indentation]
       for (Delay = 0; Delay < LED_DELAY; Delay++);
       ^~~
../src/helloworld.c:142:4: note: ...this statement, but the latter is misleadingly indented as if it were guarded by the 'for'
    XGpioPs_WritePin(&mio_emio_pmod2, EMIO_57, 0);
    ^~~~~~~~~~~~~~~~
../src/helloworld.c:68:6: warning: variable 'a' set but not used [-Wunused-but-set-variable]
  int a[4] = { 0 };
      ^
'Finished building: ../src/helloworld.c'
' '
'Building target: LEDexample.elf'
'Invoking: ARM v7 gcc linker'
arm-none-eabi-gcc -mcpu=cortex-a9 -mfpu=vfpv3 -mfloat-abi=hard -Wl,-build-id=none -specs=Xilinx.spec -Wl,-T -Wl,../src/lscript.ld -L../../LEDexample_bsp/ps7_cortexa9_0/lib -o "LEDexample.elf"  ./src/helloworld.o ./src/platform.o   -Wl,--start-group,-lxil,-lgcc,-lc,--end-group
'Finished building target: LEDexample.elf'
' '
'Invoking: ARM v7 Print Size'
arm-none-eabi-size LEDexample.elf  |tee "LEDexample.elf.size"
   text	   data	    bss	    dec	    hex	filename
  38400	   1568	  23320	  63288	   f738	LEDexample.elf
'Finished building: LEDexample.elf.size'
' '
13:40:30 **** Incremental Build of configuration Debug for project LEDexample ****
make pre-build main-build 
a9-linaro-pre-build-step
' '
make: Nothing to be done for 'main-build'.
13:41:15 **** Incremental Build of configuration Debug for project LEDexample ****
make pre-build main-build 
a9-linaro-pre-build-step
' '
make: Nothing to be done for 'main-build'.
13:41:48 **** Incremental Build of configuration Debug for project LEDexample ****
make pre-build main-build 
a9-linaro-pre-build-step
' '
make: Nothing to be done for 'main-build'.
13:42:28 **** Incremental Build of configuration Debug for project LEDexample ****
make pre-build main-build 
a9-linaro-pre-build-step
' '
make: Nothing to be done for 'main-build'.
13:44:20 **** Incremental Build of configuration Debug for project LEDexample ****
make pre-build main-build 
a9-linaro-pre-build-step
' '
'Building file: ../src/helloworld.c'
'Invoking: ARM v7 gcc compiler'
arm-none-eabi-gcc -Wall -O0 -g3 -c -fmessage-length=0 -MT"src/helloworld.o" -mcpu=cortex-a9 -mfpu=vfpv3 -mfloat-abi=hard -I../../LEDexample_bsp/ps7_cortexa9_0/include -MMD -MP -MF"src/helloworld.d" -MT"src/helloworld.o" -o "src/helloworld.o" "../src/helloworld.c"
../src/helloworld.c: In function 'main':
../src/helloworld.c:126:7: warning: this 'for' clause does not guard... [-Wmisleading-indentation]
       for (Delay = 0; Delay < LED_DELAY; Delay++);
       ^~~
../src/helloworld.c:127:4: note: ...this statement, but the latter is misleadingly indented as if it were guarded by the 'for'
    XGpioPs_WritePin(&mio_emio_pmod2, EMIO_54, 1);
    ^~~~~~~~~~~~~~~~
../src/helloworld.c:131:7: warning: this 'for' clause does not guard... [-Wmisleading-indentation]
       for (Delay = 0; Delay < LED_DELAY; Delay++);
       ^~~
../src/helloworld.c:132:4: note: ...this statement, but the latter is misleadingly indented as if it were guarded by the 'for'
    XGpioPs_WritePin(&mio_emio_pmod2, EMIO_55, 0);
    ^~~~~~~~~~~~~~~~
../src/helloworld.c:136:7: warning: this 'for' clause does not guard... [-Wmisleading-indentation]
       for (Delay = 0; Delay < LED_DELAY; Delay++);
       ^~~
../src/helloworld.c:137:4: note: ...this statement, but the latter is misleadingly indented as if it were guarded by the 'for'
    XGpioPs_WritePin(&mio_emio_pmod2, EMIO_56, 1);
    ^~~~~~~~~~~~~~~~
../src/helloworld.c:141:7: warning: this 'for' clause does not guard... [-Wmisleading-indentation]
       for (Delay = 0; Delay < LED_DELAY; Delay++);
       ^~~
../src/helloworld.c:142:4: note: ...this statement, but the latter is misleadingly indented as if it were guarded by the 'for'
    XGpioPs_WritePin(&mio_emio_pmod2, EMIO_57, 0);
    ^~~~~~~~~~~~~~~~
../src/helloworld.c:68:6: warning: variable 'a' set but not used [-Wunused-but-set-variable]
  int a[4] = { 0 };
      ^
'Finished building: ../src/helloworld.c'
' '
'Building target: LEDexample.elf'
'Invoking: ARM v7 gcc linker'
arm-none-eabi-gcc -mcpu=cortex-a9 -mfpu=vfpv3 -mfloat-abi=hard -Wl,-build-id=none -specs=Xilinx.spec -Wl,-T -Wl,../src/lscript.ld -L../../LEDexample_bsp/ps7_cortexa9_0/lib -o "LEDexample.elf"  ./src/helloworld.o ./src/platform.o   -Wl,--start-group,-lxil,-lgcc,-lc,--end-group
'Finished building target: LEDexample.elf'
' '
'Invoking: ARM v7 Print Size'
arm-none-eabi-size LEDexample.elf  |tee "LEDexample.elf.size"
   text	   data	    bss	    dec	    hex	filename
  38400	   1568	  23320	  63288	   f738	LEDexample.elf
'Finished building: LEDexample.elf.size'
' '
13:45:24 **** Incremental Build of configuration Debug for project LEDexample ****
make pre-build main-build 
a9-linaro-pre-build-step
' '
make: Nothing to be done for 'main-build'.
13:46:12 **** Incremental Build of configuration Debug for project LEDexample ****
make pre-build main-build 
a9-linaro-pre-build-step
' '
make: Nothing to be done for 'main-build'.
13:47:27 **** Incremental Build of configuration Debug for project LEDexample ****
make pre-build main-build 
a9-linaro-pre-build-step
' '
'Building file: ../src/helloworld.c'
'Invoking: ARM v7 gcc compiler'
arm-none-eabi-gcc -Wall -O0 -g3 -c -fmessage-length=0 -MT"src/helloworld.o" -mcpu=cortex-a9 -mfpu=vfpv3 -mfloat-abi=hard -I../../LEDexample_bsp/ps7_cortexa9_0/include -MMD -MP -MF"src/helloworld.d" -MT"src/helloworld.o" -o "src/helloworld.o" "../src/helloworld.c"
../src/helloworld.c: In function 'main':
../src/helloworld.c:127:7: warning: this 'for' clause does not guard... [-Wmisleading-indentation]
       for (Delay = 0; Delay < LED_DELAY; Delay++);
       ^~~
../src/helloworld.c:128:4: note: ...this statement, but the latter is misleadingly indented as if it were guarded by the 'for'
    XGpioPs_WritePin(&mio_emio_pmod2, EMIO_54, 1);
    ^~~~~~~~~~~~~~~~
../src/helloworld.c:132:7: warning: this 'for' clause does not guard... [-Wmisleading-indentation]
       for (Delay = 0; Delay < LED_DELAY; Delay++);
       ^~~
../src/helloworld.c:133:4: note: ...this statement, but the latter is misleadingly indented as if it were guarded by the 'for'
    XGpioPs_WritePin(&mio_emio_pmod2, EMIO_55, 0);
    ^~~~~~~~~~~~~~~~
../src/helloworld.c:137:7: warning: this 'for' clause does not guard... [-Wmisleading-indentation]
       for (Delay = 0; Delay < LED_DELAY; Delay++);
       ^~~
../src/helloworld.c:138:4: note: ...this statement, but the latter is misleadingly indented as if it were guarded by the 'for'
    XGpioPs_WritePin(&mio_emio_pmod2, EMIO_56, 1);
    ^~~~~~~~~~~~~~~~
../src/helloworld.c:142:7: warning: this 'for' clause does not guard... [-Wmisleading-indentation]
       for (Delay = 0; Delay < LED_DELAY; Delay++);
       ^~~
../src/helloworld.c:143:4: note: ...this statement, but the latter is misleadingly indented as if it were guarded by the 'for'
    XGpioPs_WritePin(&mio_emio_pmod2, EMIO_57, 0);
    ^~~~~~~~~~~~~~~~
../src/helloworld.c:68:6: warning: variable 'a' set but not used [-Wunused-but-set-variable]
  int a[4] = { 0 };
      ^
'Finished building: ../src/helloworld.c'
' '
'Building target: LEDexample.elf'
'Invoking: ARM v7 gcc linker'
arm-none-eabi-gcc -mcpu=cortex-a9 -mfpu=vfpv3 -mfloat-abi=hard -Wl,-build-id=none -specs=Xilinx.spec -Wl,-T -Wl,../src/lscript.ld -L../../LEDexample_bsp/ps7_cortexa9_0/lib -o "LEDexample.elf"  ./src/helloworld.o ./src/platform.o   -Wl,--start-group,-lxil,-lgcc,-lc,--end-group
'Finished building target: LEDexample.elf'
' '
'Invoking: ARM v7 Print Size'
arm-none-eabi-size LEDexample.elf  |tee "LEDexample.elf.size"
   text	   data	    bss	    dec	    hex	filename
  38400	   1568	  23320	  63288	   f738	LEDexample.elf
'Finished building: LEDexample.elf.size'
' '
13:51:03 **** Auto Build of configuration Debug for project LEDexample ****
make pre-build main-build 
a9-linaro-pre-build-step
' '
'Building file: ../src/helloworld.c'
'Invoking: ARM v7 gcc compiler'
arm-none-eabi-gcc -Wall -O0 -g3 -c -fmessage-length=0 -MT"src/helloworld.o" -mcpu=cortex-a9 -mfpu=vfpv3 -mfloat-abi=hard -I../../LEDexample_bsp/ps7_cortexa9_0/include -MMD -MP -MF"src/helloworld.d" -MT"src/helloworld.o" -o "src/helloworld.o" "../src/helloworld.c"
../src/helloworld.c: In function 'main':
../src/helloworld.c:103:36: error: lvalue required as left operand of assignment
       count < 15 ? count++ : count = 0;
                                    ^
../src/helloworld.c:130:7: warning: this 'for' clause does not guard... [-Wmisleading-indentation]
       for (Delay = 0; Delay < LED_DELAY; Delay++);
       ^~~
../src/helloworld.c:131:4: note: ...this statement, but the latter is misleadingly indented as if it were guarded by the 'for'
    XGpioPs_WritePin(&mio_emio_pmod2, EMIO_54, a[0]);
    ^~~~~~~~~~~~~~~~
../src/helloworld.c:135:7: warning: this 'for' clause does not guard... [-Wmisleading-indentation]
       for (Delay = 0; Delay < LED_DELAY; Delay++);
       ^~~
../src/helloworld.c:136:4: note: ...this statement, but the latter is misleadingly indented as if it were guarded by the 'for'
    XGpioPs_WritePin(&mio_emio_pmod2, EMIO_55, a[1]);
    ^~~~~~~~~~~~~~~~
../src/helloworld.c:140:7: warning: this 'for' clause does not guard... [-Wmisleading-indentation]
       for (Delay = 0; Delay < LED_DELAY; Delay++);
       ^~~
../src/helloworld.c:141:4: note: ...this statement, but the latter is misleadingly indented as if it were guarded by the 'for'
    XGpioPs_WritePin(&mio_emio_pmod2, EMIO_56, a[2]);
    ^~~~~~~~~~~~~~~~
../src/helloworld.c:145:7: warning: this 'for' clause does not guard... [-Wmisleading-indentation]
       for (Delay = 0; Delay < LED_DELAY; Delay++);
       ^~~
../src/helloworld.c:146:4: note: ...this statement, but the latter is misleadingly indented as if it were guarded by the 'for'
    XGpioPs_WritePin(&mio_emio_pmod2, EMIO_57, a[3]);
    ^~~~~~~~~~~~~~~~
make: *** [src/subdir.mk:26: src/helloworld.o] Error 1
13:51:03 **** Incremental Build of configuration Debug for project LEDexample ****
make pre-build main-build 
a9-linaro-pre-build-step
' '
'Building file: ../src/helloworld.c'
'Invoking: ARM v7 gcc compiler'
arm-none-eabi-gcc -Wall -O0 -g3 -c -fmessage-length=0 -MT"src/helloworld.o" -mcpu=cortex-a9 -mfpu=vfpv3 -mfloat-abi=hard -I../../LEDexample_bsp/ps7_cortexa9_0/include -MMD -MP -MF"src/helloworld.d" -MT"src/helloworld.o" -o "src/helloworld.o" "../src/helloworld.c"
../src/helloworld.c: In function 'main':
../src/helloworld.c:103:36: error: lvalue required as left operand of assignment
       count < 15 ? count++ : count = 0;
                                    ^
../src/helloworld.c:130:7: warning: this 'for' clause does not guard... [-Wmisleading-indentation]
       for (Delay = 0; Delay < LED_DELAY; Delay++);
       ^~~
../src/helloworld.c:131:4: note: ...this statement, but the latter is misleadingly indented as if it were guarded by the 'for'
    XGpioPs_WritePin(&mio_emio_pmod2, EMIO_54, a[0]);
    ^~~~~~~~~~~~~~~~
../src/helloworld.c:135:7: warning: this 'for' clause does not guard... [-Wmisleading-indentation]
       for (Delay = 0; Delay < LED_DELAY; Delay++);
       ^~~
../src/helloworld.c:136:4: note: ...this statement, but the latter is misleadingly indented as if it were guarded by the 'for'
    XGpioPs_WritePin(&mio_emio_pmod2, EMIO_55, a[1]);
    ^~~~~~~~~~~~~~~~
../src/helloworld.c:140:7: warning: this 'for' clause does not guard... [-Wmisleading-indentation]
       for (Delay = 0; Delay < LED_DELAY; Delay++);
       ^~~
../src/helloworld.c:141:4: note: ...this statement, but the latter is misleadingly indented as if it were guarded by the 'for'
    XGpioPs_WritePin(&mio_emio_pmod2, EMIO_56, a[2]);
    ^~~~~~~~~~~~~~~~
../src/helloworld.c:145:7: warning: this 'for' clause does not guard... [-Wmisleading-indentation]
       for (Delay = 0; Delay < LED_DELAY; Delay++);
       ^~~
../src/helloworld.c:146:4: note: ...this statement, but the latter is misleadingly indented as if it were guarded by the 'for'
    XGpioPs_WritePin(&mio_emio_pmod2, EMIO_57, a[3]);
    ^~~~~~~~~~~~~~~~
make: *** [src/subdir.mk:26: src/helloworld.o] Error 1
13:52:04 **** Auto Build of configuration Debug for project LEDexample ****
make pre-build main-build 
a9-linaro-pre-build-step
' '
'Building file: ../src/helloworld.c'
'Invoking: ARM v7 gcc compiler'
arm-none-eabi-gcc -Wall -O0 -g3 -c -fmessage-length=0 -MT"src/helloworld.o" -mcpu=cortex-a9 -mfpu=vfpv3 -mfloat-abi=hard -I../../LEDexample_bsp/ps7_cortexa9_0/include -MMD -MP -MF"src/helloworld.d" -MT"src/helloworld.o" -o "src/helloworld.o" "../src/helloworld.c"
../src/helloworld.c: In function 'main':
../src/helloworld.c:134:7: warning: this 'for' clause does not guard... [-Wmisleading-indentation]
       for (Delay = 0; Delay < LED_DELAY; Delay++);
       ^~~
../src/helloworld.c:135:4: note: ...this statement, but the latter is misleadingly indented as if it were guarded by the 'for'
    XGpioPs_WritePin(&mio_emio_pmod2, EMIO_54, a[0]);
    ^~~~~~~~~~~~~~~~
../src/helloworld.c:139:7: warning: this 'for' clause does not guard... [-Wmisleading-indentation]
       for (Delay = 0; Delay < LED_DELAY; Delay++);
       ^~~
../src/helloworld.c:140:4: note: ...this statement, but the latter is misleadingly indented as if it were guarded by the 'for'
    XGpioPs_WritePin(&mio_emio_pmod2, EMIO_55, a[1]);
    ^~~~~~~~~~~~~~~~
../src/helloworld.c:144:7: warning: this 'for' clause does not guard... [-Wmisleading-indentation]
       for (Delay = 0; Delay < LED_DELAY; Delay++);
       ^~~
../src/helloworld.c:145:4: note: ...this statement, but the latter is misleadingly indented as if it were guarded by the 'for'
    XGpioPs_WritePin(&mio_emio_pmod2, EMIO_56, a[2]);
    ^~~~~~~~~~~~~~~~
../src/helloworld.c:149:7: warning: this 'for' clause does not guard... [-Wmisleading-indentation]
       for (Delay = 0; Delay < LED_DELAY; Delay++);
       ^~~
../src/helloworld.c:150:4: note: ...this statement, but the latter is misleadingly indented as if it were guarded by the 'for'
    XGpioPs_WritePin(&mio_emio_pmod2, EMIO_57, a[3]);
    ^~~~~~~~~~~~~~~~
'Finished building: ../src/helloworld.c'
' '
'Building target: LEDexample.elf'
'Invoking: ARM v7 gcc linker'
arm-none-eabi-gcc -mcpu=cortex-a9 -mfpu=vfpv3 -mfloat-abi=hard -Wl,-build-id=none -specs=Xilinx.spec -Wl,-T -Wl,../src/lscript.ld -L../../LEDexample_bsp/ps7_cortexa9_0/lib -o "LEDexample.elf"  ./src/helloworld.o ./src/platform.o   -Wl,--start-group,-lxil,-lgcc,-lc,--end-group
'Finished building target: LEDexample.elf'
' '
'Invoking: ARM v7 Print Size'
arm-none-eabi-size LEDexample.elf  |tee "LEDexample.elf.size"
   text	   data	    bss	    dec	    hex	filename
  38464	   1568	  23320	  63352	   f778	LEDexample.elf
'Finished building: LEDexample.elf.size'
' '
13:52:11 **** Incremental Build of configuration Debug for project LEDexample ****
make pre-build main-build 
a9-linaro-pre-build-step
' '
make: Nothing to be done for 'main-build'.
13:54:30 **** Incremental Build of configuration Debug for project LEDexample ****
make pre-build main-build 
a9-linaro-pre-build-step
' '
'Building file: ../src/helloworld.c'
'Invoking: ARM v7 gcc compiler'
arm-none-eabi-gcc -Wall -O0 -g3 -c -fmessage-length=0 -MT"src/helloworld.o" -mcpu=cortex-a9 -mfpu=vfpv3 -mfloat-abi=hard -I../../LEDexample_bsp/ps7_cortexa9_0/include -MMD -MP -MF"src/helloworld.d" -MT"src/helloworld.o" -o "src/helloworld.o" "../src/helloworld.c"
../src/helloworld.c: In function 'main':
../src/helloworld.c:134:7: warning: this 'for' clause does not guard... [-Wmisleading-indentation]
       for (Delay = 0; Delay < LED_DELAY; Delay++);
       ^~~
../src/helloworld.c:135:4: note: ...this statement, but the latter is misleadingly indented as if it were guarded by the 'for'
    XGpioPs_WritePin(&mio_emio_pmod2, EMIO_54, a[0]);
    ^~~~~~~~~~~~~~~~
../src/helloworld.c:139:7: warning: this 'for' clause does not guard... [-Wmisleading-indentation]
       for (Delay = 0; Delay < LED_DELAY; Delay++);
       ^~~
../src/helloworld.c:140:4: note: ...this statement, but the latter is misleadingly indented as if it were guarded by the 'for'
    XGpioPs_WritePin(&mio_emio_pmod2, EMIO_55, a[1]);
    ^~~~~~~~~~~~~~~~
../src/helloworld.c:144:7: warning: this 'for' clause does not guard... [-Wmisleading-indentation]
       for (Delay = 0; Delay < LED_DELAY; Delay++);
       ^~~
../src/helloworld.c:145:4: note: ...this statement, but the latter is misleadingly indented as if it were guarded by the 'for'
    XGpioPs_WritePin(&mio_emio_pmod2, EMIO_56, a[2]);
    ^~~~~~~~~~~~~~~~
../src/helloworld.c:149:7: warning: this 'for' clause does not guard... [-Wmisleading-indentation]
       for (Delay = 0; Delay < LED_DELAY; Delay++);
       ^~~
../src/helloworld.c:150:4: note: ...this statement, but the latter is misleadingly indented as if it were guarded by the 'for'
    XGpioPs_WritePin(&mio_emio_pmod2, EMIO_57, a[3]);
    ^~~~~~~~~~~~~~~~
'Finished building: ../src/helloworld.c'
' '
'Building target: LEDexample.elf'
'Invoking: ARM v7 gcc linker'
arm-none-eabi-gcc -mcpu=cortex-a9 -mfpu=vfpv3 -mfloat-abi=hard -Wl,-build-id=none -specs=Xilinx.spec -Wl,-T -Wl,../src/lscript.ld -L../../LEDexample_bsp/ps7_cortexa9_0/lib -o "LEDexample.elf"  ./src/helloworld.o ./src/platform.o   -Wl,--start-group,-lxil,-lgcc,-lc,--end-group
'Finished building target: LEDexample.elf'
' '
'Invoking: ARM v7 Print Size'
arm-none-eabi-size LEDexample.elf  |tee "LEDexample.elf.size"
   text	   data	    bss	    dec	    hex	filename
  38400	   1568	  23320	  63288	   f738	LEDexample.elf
'Finished building: LEDexample.elf.size'
' '
13:54:56 **** Incremental Build of configuration Debug for project LEDexample ****
make pre-build main-build 
a9-linaro-pre-build-step
' '
'Building file: ../src/helloworld.c'
'Invoking: ARM v7 gcc compiler'
arm-none-eabi-gcc -Wall -O0 -g3 -c -fmessage-length=0 -MT"src/helloworld.o" -mcpu=cortex-a9 -mfpu=vfpv3 -mfloat-abi=hard -I../../LEDexample_bsp/ps7_cortexa9_0/include -MMD -MP -MF"src/helloworld.d" -MT"src/helloworld.o" -o "src/helloworld.o" "../src/helloworld.c"
../src/helloworld.c: In function 'main':
../src/helloworld.c:134:7: warning: this 'for' clause does not guard... [-Wmisleading-indentation]
       for (Delay = 0; Delay < LED_DELAY; Delay++);
       ^~~
../src/helloworld.c:135:4: note: ...this statement, but the latter is misleadingly indented as if it were guarded by the 'for'
    XGpioPs_WritePin(&mio_emio_pmod2, EMIO_54, a[0]);
    ^~~~~~~~~~~~~~~~
../src/helloworld.c:139:7: warning: this 'for' clause does not guard... [-Wmisleading-indentation]
       for (Delay = 0; Delay < LED_DELAY; Delay++);
       ^~~
../src/helloworld.c:140:4: note: ...this statement, but the latter is misleadingly indented as if it were guarded by the 'for'
    XGpioPs_WritePin(&mio_emio_pmod2, EMIO_55, a[1]);
    ^~~~~~~~~~~~~~~~
../src/helloworld.c:144:7: warning: this 'for' clause does not guard... [-Wmisleading-indentation]
       for (Delay = 0; Delay < LED_DELAY; Delay++);
       ^~~
../src/helloworld.c:145:4: note: ...this statement, but the latter is misleadingly indented as if it were guarded by the 'for'
    XGpioPs_WritePin(&mio_emio_pmod2, EMIO_56, a[2]);
    ^~~~~~~~~~~~~~~~
../src/helloworld.c:149:7: warning: this 'for' clause does not guard... [-Wmisleading-indentation]
       for (Delay = 0; Delay < LED_DELAY; Delay++);
       ^~~
../src/helloworld.c:150:4: note: ...this statement, but the latter is misleadingly indented as if it were guarded by the 'for'
    XGpioPs_WritePin(&mio_emio_pmod2, EMIO_57, a[3]);
    ^~~~~~~~~~~~~~~~
'Finished building: ../src/helloworld.c'
' '
'Building target: LEDexample.elf'
'Invoking: ARM v7 gcc linker'
arm-none-eabi-gcc -mcpu=cortex-a9 -mfpu=vfpv3 -mfloat-abi=hard -Wl,-build-id=none -specs=Xilinx.spec -Wl,-T -Wl,../src/lscript.ld -L../../LEDexample_bsp/ps7_cortexa9_0/lib -o "LEDexample.elf"  ./src/helloworld.o ./src/platform.o   -Wl,--start-group,-lxil,-lgcc,-lc,--end-group
'Finished building target: LEDexample.elf'
' '
'Invoking: ARM v7 Print Size'
arm-none-eabi-size LEDexample.elf  |tee "LEDexample.elf.size"
   text	   data	    bss	    dec	    hex	filename
  38400	   1568	  23320	  63288	   f738	LEDexample.elf
'Finished building: LEDexample.elf.size'
' '
13:55:24 **** Incremental Build of configuration Debug for project LEDexample ****
make pre-build main-build 
a9-linaro-pre-build-step
' '
'Building file: ../src/helloworld.c'
'Invoking: ARM v7 gcc compiler'
arm-none-eabi-gcc -Wall -O0 -g3 -c -fmessage-length=0 -MT"src/helloworld.o" -mcpu=cortex-a9 -mfpu=vfpv3 -mfloat-abi=hard -I../../LEDexample_bsp/ps7_cortexa9_0/include -MMD -MP -MF"src/helloworld.d" -MT"src/helloworld.o" -o "src/helloworld.o" "../src/helloworld.c"
../src/helloworld.c: In function 'main':
../src/helloworld.c:134:7: warning: this 'for' clause does not guard... [-Wmisleading-indentation]
       for (Delay = 0; Delay < LED_DELAY; Delay++);
       ^~~
../src/helloworld.c:135:4: note: ...this statement, but the latter is misleadingly indented as if it were guarded by the 'for'
    XGpioPs_WritePin(&mio_emio_pmod2, EMIO_54, a[0]);
    ^~~~~~~~~~~~~~~~
../src/helloworld.c:139:7: warning: this 'for' clause does not guard... [-Wmisleading-indentation]
       for (Delay = 0; Delay < LED_DELAY; Delay++);
       ^~~
../src/helloworld.c:140:4: note: ...this statement, but the latter is misleadingly indented as if it were guarded by the 'for'
    XGpioPs_WritePin(&mio_emio_pmod2, EMIO_55, a[1]);
    ^~~~~~~~~~~~~~~~
../src/helloworld.c:144:7: warning: this 'for' clause does not guard... [-Wmisleading-indentation]
       for (Delay = 0; Delay < LED_DELAY; Delay++);
       ^~~
../src/helloworld.c:145:4: note: ...this statement, but the latter is misleadingly indented as if it were guarded by the 'for'
    XGpioPs_WritePin(&mio_emio_pmod2, EMIO_56, a[2]);
    ^~~~~~~~~~~~~~~~
../src/helloworld.c:149:7: warning: this 'for' clause does not guard... [-Wmisleading-indentation]
       for (Delay = 0; Delay < LED_DELAY; Delay++);
       ^~~
../src/helloworld.c:150:4: note: ...this statement, but the latter is misleadingly indented as if it were guarded by the 'for'
    XGpioPs_WritePin(&mio_emio_pmod2, EMIO_57, a[3]);
    ^~~~~~~~~~~~~~~~
'Finished building: ../src/helloworld.c'
' '
'Building target: LEDexample.elf'
'Invoking: ARM v7 gcc linker'
arm-none-eabi-gcc -mcpu=cortex-a9 -mfpu=vfpv3 -mfloat-abi=hard -Wl,-build-id=none -specs=Xilinx.spec -Wl,-T -Wl,../src/lscript.ld -L../../LEDexample_bsp/ps7_cortexa9_0/lib -o "LEDexample.elf"  ./src/helloworld.o ./src/platform.o   -Wl,--start-group,-lxil,-lgcc,-lc,--end-group
'Finished building target: LEDexample.elf'
' '
'Invoking: ARM v7 Print Size'
arm-none-eabi-size LEDexample.elf  |tee "LEDexample.elf.size"
   text	   data	    bss	    dec	    hex	filename
  38464	   1568	  23320	  63352	   f778	LEDexample.elf
'Finished building: LEDexample.elf.size'
' '
13:55:50 **** Incremental Build of configuration Debug for project LEDexample ****
make pre-build main-build 
a9-linaro-pre-build-step
' '
'Building file: ../src/helloworld.c'
'Invoking: ARM v7 gcc compiler'
arm-none-eabi-gcc -Wall -O0 -g3 -c -fmessage-length=0 -MT"src/helloworld.o" -mcpu=cortex-a9 -mfpu=vfpv3 -mfloat-abi=hard -I../../LEDexample_bsp/ps7_cortexa9_0/include -MMD -MP -MF"src/helloworld.d" -MT"src/helloworld.o" -o "src/helloworld.o" "../src/helloworld.c"
../src/helloworld.c: In function 'main':
../src/helloworld.c:134:7: warning: this 'for' clause does not guard... [-Wmisleading-indentation]
       for (Delay = 0; Delay < LED_DELAY; Delay++);
       ^~~
../src/helloworld.c:135:4: note: ...this statement, but the latter is misleadingly indented as if it were guarded by the 'for'
    XGpioPs_WritePin(&mio_emio_pmod2, EMIO_54, a[0]);
    ^~~~~~~~~~~~~~~~
../src/helloworld.c:139:7: warning: this 'for' clause does not guard... [-Wmisleading-indentation]
       for (Delay = 0; Delay < LED_DELAY; Delay++);
       ^~~
../src/helloworld.c:140:4: note: ...this statement, but the latter is misleadingly indented as if it were guarded by the 'for'
    XGpioPs_WritePin(&mio_emio_pmod2, EMIO_55, a[1]);
    ^~~~~~~~~~~~~~~~
../src/helloworld.c:144:7: warning: this 'for' clause does not guard... [-Wmisleading-indentation]
       for (Delay = 0; Delay < LED_DELAY; Delay++);
       ^~~
../src/helloworld.c:145:4: note: ...this statement, but the latter is misleadingly indented as if it were guarded by the 'for'
    XGpioPs_WritePin(&mio_emio_pmod2, EMIO_56, a[2]);
    ^~~~~~~~~~~~~~~~
../src/helloworld.c:149:7: warning: this 'for' clause does not guard... [-Wmisleading-indentation]
       for (Delay = 0; Delay < LED_DELAY; Delay++);
       ^~~
../src/helloworld.c:150:4: note: ...this statement, but the latter is misleadingly indented as if it were guarded by the 'for'
    XGpioPs_WritePin(&mio_emio_pmod2, EMIO_57, a[3]);
    ^~~~~~~~~~~~~~~~
'Finished building: ../src/helloworld.c'
' '
'Building target: LEDexample.elf'
'Invoking: ARM v7 gcc linker'
arm-none-eabi-gcc -mcpu=cortex-a9 -mfpu=vfpv3 -mfloat-abi=hard -Wl,-build-id=none -specs=Xilinx.spec -Wl,-T -Wl,../src/lscript.ld -L../../LEDexample_bsp/ps7_cortexa9_0/lib -o "LEDexample.elf"  ./src/helloworld.o ./src/platform.o   -Wl,--start-group,-lxil,-lgcc,-lc,--end-group
'Finished building target: LEDexample.elf'
' '
'Invoking: ARM v7 Print Size'
arm-none-eabi-size LEDexample.elf  |tee "LEDexample.elf.size"
   text	   data	    bss	    dec	    hex	filename
  38464	   1568	  23320	  63352	   f778	LEDexample.elf
'Finished building: LEDexample.elf.size'
' '
13:56:33 **** Incremental Build of configuration Debug for project LEDexample ****
make pre-build main-build 
a9-linaro-pre-build-step
' '
'Building file: ../src/helloworld.c'
'Invoking: ARM v7 gcc compiler'
arm-none-eabi-gcc -Wall -O0 -g3 -c -fmessage-length=0 -MT"src/helloworld.o" -mcpu=cortex-a9 -mfpu=vfpv3 -mfloat-abi=hard -I../../LEDexample_bsp/ps7_cortexa9_0/include -MMD -MP -MF"src/helloworld.d" -MT"src/helloworld.o" -o "src/helloworld.o" "../src/helloworld.c"
../src/helloworld.c: In function 'main':
../src/helloworld.c:134:7: warning: this 'for' clause does not guard... [-Wmisleading-indentation]
       for (Delay = 0; Delay < LED_DELAY; Delay++);
       ^~~
../src/helloworld.c:135:4: note: ...this statement, but the latter is misleadingly indented as if it were guarded by the 'for'
    XGpioPs_WritePin(&mio_emio_pmod2, EMIO_54, a[0]);
    ^~~~~~~~~~~~~~~~
../src/helloworld.c:139:7: warning: this 'for' clause does not guard... [-Wmisleading-indentation]
       for (Delay = 0; Delay < LED_DELAY; Delay++);
       ^~~
../src/helloworld.c:140:4: note: ...this statement, but the latter is misleadingly indented as if it were guarded by the 'for'
    XGpioPs_WritePin(&mio_emio_pmod2, EMIO_55, a[1]);
    ^~~~~~~~~~~~~~~~
../src/helloworld.c:144:7: warning: this 'for' clause does not guard... [-Wmisleading-indentation]
       for (Delay = 0; Delay < LED_DELAY; Delay++);
       ^~~
../src/helloworld.c:145:4: note: ...this statement, but the latter is misleadingly indented as if it were guarded by the 'for'
    XGpioPs_WritePin(&mio_emio_pmod2, EMIO_56, a[2]);
    ^~~~~~~~~~~~~~~~
../src/helloworld.c:149:7: warning: this 'for' clause does not guard... [-Wmisleading-indentation]
       for (Delay = 0; Delay < LED_DELAY; Delay++);
       ^~~
../src/helloworld.c:150:4: note: ...this statement, but the latter is misleadingly indented as if it were guarded by the 'for'
    XGpioPs_WritePin(&mio_emio_pmod2, EMIO_57, a[3]);
    ^~~~~~~~~~~~~~~~
'Finished building: ../src/helloworld.c'
' '
'Building target: LEDexample.elf'
'Invoking: ARM v7 gcc linker'
arm-none-eabi-gcc -mcpu=cortex-a9 -mfpu=vfpv3 -mfloat-abi=hard -Wl,-build-id=none -specs=Xilinx.spec -Wl,-T -Wl,../src/lscript.ld -L../../LEDexample_bsp/ps7_cortexa9_0/lib -o "LEDexample.elf"  ./src/helloworld.o ./src/platform.o   -Wl,--start-group,-lxil,-lgcc,-lc,--end-group
'Finished building target: LEDexample.elf'
' '
'Invoking: ARM v7 Print Size'
arm-none-eabi-size LEDexample.elf  |tee "LEDexample.elf.size"
   text	   data	    bss	    dec	    hex	filename
  38464	   1568	  23320	  63352	   f778	LEDexample.elf
'Finished building: LEDexample.elf.size'
' '
13:57:19 **** Incremental Build of configuration Debug for project LEDexample ****
make pre-build main-build 
a9-linaro-pre-build-step
' '
'Building file: ../src/helloworld.c'
'Invoking: ARM v7 gcc compiler'
arm-none-eabi-gcc -Wall -O0 -g3 -c -fmessage-length=0 -MT"src/helloworld.o" -mcpu=cortex-a9 -mfpu=vfpv3 -mfloat-abi=hard -I../../LEDexample_bsp/ps7_cortexa9_0/include -MMD -MP -MF"src/helloworld.d" -MT"src/helloworld.o" -o "src/helloworld.o" "../src/helloworld.c"
../src/helloworld.c: In function 'main':
../src/helloworld.c:134:7: warning: this 'for' clause does not guard... [-Wmisleading-indentation]
       for (Delay = 0; Delay < LED_DELAY; Delay++);
       ^~~
../src/helloworld.c:135:4: note: ...this statement, but the latter is misleadingly indented as if it were guarded by the 'for'
    XGpioPs_WritePin(&mio_emio_pmod2, EMIO_54, a[0]);
    ^~~~~~~~~~~~~~~~
../src/helloworld.c:139:7: warning: this 'for' clause does not guard... [-Wmisleading-indentation]
       for (Delay = 0; Delay < LED_DELAY; Delay++);
       ^~~
../src/helloworld.c:140:4: note: ...this statement, but the latter is misleadingly indented as if it were guarded by the 'for'
    XGpioPs_WritePin(&mio_emio_pmod2, EMIO_55, a[1]);
    ^~~~~~~~~~~~~~~~
../src/helloworld.c:144:7: warning: this 'for' clause does not guard... [-Wmisleading-indentation]
       for (Delay = 0; Delay < LED_DELAY; Delay++);
       ^~~
../src/helloworld.c:145:4: note: ...this statement, but the latter is misleadingly indented as if it were guarded by the 'for'
    XGpioPs_WritePin(&mio_emio_pmod2, EMIO_56, a[2]);
    ^~~~~~~~~~~~~~~~
../src/helloworld.c:149:7: warning: this 'for' clause does not guard... [-Wmisleading-indentation]
       for (Delay = 0; Delay < LED_DELAY; Delay++);
       ^~~
../src/helloworld.c:150:4: note: ...this statement, but the latter is misleadingly indented as if it were guarded by the 'for'
    XGpioPs_WritePin(&mio_emio_pmod2, EMIO_57, a[3]);
    ^~~~~~~~~~~~~~~~
'Finished building: ../src/helloworld.c'
' '
'Building target: LEDexample.elf'
'Invoking: ARM v7 gcc linker'
arm-none-eabi-gcc -mcpu=cortex-a9 -mfpu=vfpv3 -mfloat-abi=hard -Wl,-build-id=none -specs=Xilinx.spec -Wl,-T -Wl,../src/lscript.ld -L../../LEDexample_bsp/ps7_cortexa9_0/lib -o "LEDexample.elf"  ./src/helloworld.o ./src/platform.o   -Wl,--start-group,-lxil,-lgcc,-lc,--end-group
'Finished building target: LEDexample.elf'
' '
'Invoking: ARM v7 Print Size'
arm-none-eabi-size LEDexample.elf  |tee "LEDexample.elf.size"
   text	   data	    bss	    dec	    hex	filename
  38464	   1568	  23320	  63352	   f778	LEDexample.elf
'Finished building: LEDexample.elf.size'
' '
13:59:28 **** Incremental Build of configuration Debug for project LEDexample ****
make pre-build main-build 
a9-linaro-pre-build-step
' '
'Building file: ../src/helloworld.c'
'Invoking: ARM v7 gcc compiler'
arm-none-eabi-gcc -Wall -O0 -g3 -c -fmessage-length=0 -MT"src/helloworld.o" -mcpu=cortex-a9 -mfpu=vfpv3 -mfloat-abi=hard -I../../LEDexample_bsp/ps7_cortexa9_0/include -MMD -MP -MF"src/helloworld.d" -MT"src/helloworld.o" -o "src/helloworld.o" "../src/helloworld.c"
../src/helloworld.c: In function 'main':
../src/helloworld.c:108:7: warning: this 'for' clause does not guard... [-Wmisleading-indentation]
       for (Delay = 0; Delay < LED_DELAY; Delay++);
       ^~~
../src/helloworld.c:109:4: note: ...this statement, but the latter is misleadingly indented as if it were guarded by the 'for'
    XGpioPs_WritePin(&mio_emio_pmod2, EMIO_54, a[0]);
    ^~~~~~~~~~~~~~~~
../src/helloworld.c:113:7: warning: this 'for' clause does not guard... [-Wmisleading-indentation]
       for (Delay = 0; Delay < LED_DELAY; Delay++);
       ^~~
../src/helloworld.c:114:4: note: ...this statement, but the latter is misleadingly indented as if it were guarded by the 'for'
    XGpioPs_WritePin(&mio_emio_pmod2, EMIO_55, a[1]);
    ^~~~~~~~~~~~~~~~
../src/helloworld.c:118:7: warning: this 'for' clause does not guard... [-Wmisleading-indentation]
       for (Delay = 0; Delay < LED_DELAY; Delay++);
       ^~~
../src/helloworld.c:119:4: note: ...this statement, but the latter is misleadingly indented as if it were guarded by the 'for'
    XGpioPs_WritePin(&mio_emio_pmod2, EMIO_56, a[2]);
    ^~~~~~~~~~~~~~~~
../src/helloworld.c:123:7: warning: this 'for' clause does not guard... [-Wmisleading-indentation]
       for (Delay = 0; Delay < LED_DELAY; Delay++);
       ^~~
../src/helloworld.c:124:4: note: ...this statement, but the latter is misleadingly indented as if it were guarded by the 'for'
    XGpioPs_WritePin(&mio_emio_pmod2, EMIO_57, a[3]);
    ^~~~~~~~~~~~~~~~
'Finished building: ../src/helloworld.c'
' '
'Building target: LEDexample.elf'
'Invoking: ARM v7 gcc linker'
arm-none-eabi-gcc -mcpu=cortex-a9 -mfpu=vfpv3 -mfloat-abi=hard -Wl,-build-id=none -specs=Xilinx.spec -Wl,-T -Wl,../src/lscript.ld -L../../LEDexample_bsp/ps7_cortexa9_0/lib -o "LEDexample.elf"  ./src/helloworld.o ./src/platform.o   -Wl,--start-group,-lxil,-lgcc,-lc,--end-group
'Finished building target: LEDexample.elf'
' '
'Invoking: ARM v7 Print Size'
arm-none-eabi-size LEDexample.elf  |tee "LEDexample.elf.size"
   text	   data	    bss	    dec	    hex	filename
  37416	   1552	  23304	  62272	   f340	LEDexample.elf
'Finished building: LEDexample.elf.size'
' '
14:00:38 **** Auto Build of configuration Debug for project LEDexample ****
make pre-build main-build 
a9-linaro-pre-build-step
' '
'Building file: ../src/helloworld.c'
'Invoking: ARM v7 gcc compiler'
arm-none-eabi-gcc -Wall -O0 -g3 -c -fmessage-length=0 -MT"src/helloworld.o" -mcpu=cortex-a9 -mfpu=vfpv3 -mfloat-abi=hard -I../../LEDexample_bsp/ps7_cortexa9_0/include -MMD -MP -MF"src/helloworld.d" -MT"src/helloworld.o" -o "src/helloworld.o" "../src/helloworld.c"
../src/helloworld.c: In function 'main':
../src/helloworld.c:103:7: warning: this 'for' clause does not guard... [-Wmisleading-indentation]
       for (Delay = 0; Delay < LED_DELAY; Delay++);
       ^~~
../src/helloworld.c:104:4: note: ...this statement, but the latter is misleadingly indented as if it were guarded by the 'for'
    XGpioPs_WritePin(&mio_emio_pmod2, EMIO_54, a[0]);
    ^~~~~~~~~~~~~~~~
../src/helloworld.c:108:7: warning: this 'for' clause does not guard... [-Wmisleading-indentation]
       for (Delay = 0; Delay < LED_DELAY; Delay++);
       ^~~
../src/helloworld.c:109:4: note: ...this statement, but the latter is misleadingly indented as if it were guarded by the 'for'
    XGpioPs_WritePin(&mio_emio_pmod2, EMIO_55, a[1]);
    ^~~~~~~~~~~~~~~~
../src/helloworld.c:113:7: warning: this 'for' clause does not guard... [-Wmisleading-indentation]
       for (Delay = 0; Delay < LED_DELAY; Delay++);
       ^~~
../src/helloworld.c:114:4: note: ...this statement, but the latter is misleadingly indented as if it were guarded by the 'for'
    XGpioPs_WritePin(&mio_emio_pmod2, EMIO_56, a[2]);
    ^~~~~~~~~~~~~~~~
../src/helloworld.c:118:7: warning: this 'for' clause does not guard... [-Wmisleading-indentation]
       for (Delay = 0; Delay < LED_DELAY; Delay++);
       ^~~
../src/helloworld.c:119:4: note: ...this statement, but the latter is misleadingly indented as if it were guarded by the 'for'
    XGpioPs_WritePin(&mio_emio_pmod2, EMIO_57, a[3]);
    ^~~~~~~~~~~~~~~~
'Finished building: ../src/helloworld.c'
' '
'Building target: LEDexample.elf'
'Invoking: ARM v7 gcc linker'
arm-none-eabi-gcc -mcpu=cortex-a9 -mfpu=vfpv3 -mfloat-abi=hard -Wl,-build-id=none -specs=Xilinx.spec -Wl,-T -Wl,../src/lscript.ld -L../../LEDexample_bsp/ps7_cortexa9_0/lib -o "LEDexample.elf"  ./src/helloworld.o ./src/platform.o   -Wl,--start-group,-lxil,-lgcc,-lc,--end-group
'Finished building target: LEDexample.elf'
' '
'Invoking: ARM v7 Print Size'
arm-none-eabi-size LEDexample.elf  |tee "LEDexample.elf.size"
   text	   data	    bss	    dec	    hex	filename
  37352	   1552	  23304	  62208	   f300	LEDexample.elf
'Finished building: LEDexample.elf.size'
' '
14:00:43 **** Incremental Build of configuration Debug for project LEDexample ****
make pre-build main-build 
a9-linaro-pre-build-step
' '
make: Nothing to be done for 'main-build'.
14:07:34 **** Clean-only build of project LEDexample_bsp ****
make -k clean 
make -C ps7_cortexa9_0/libsrc/cpu_cortexa9_v2_7/src -s clean 
make -C ps7_cortexa9_0/libsrc/standalone_v7_0/src -s clean 
make -C ps7_cortexa9_0/libsrc/coresightps_dcc_v1_5/src -s clean 
make -C ps7_cortexa9_0/libsrc/ddrps_v1_0/src -s clean 
make -C ps7_cortexa9_0/libsrc/devcfg_v3_5/src -s clean 
make -C ps7_cortexa9_0/libsrc/dmaps_v2_4/src -s clean 
make -C ps7_cortexa9_0/libsrc/emacps_v3_9/src -s clean 
make -C ps7_cortexa9_0/libsrc/gpiops_v3_5/src -s clean 
make -C ps7_cortexa9_0/libsrc/qspips_v3_6/src -s clean 
make -C ps7_cortexa9_0/libsrc/scugic_v4_0/src -s clean 
make -C ps7_cortexa9_0/libsrc/scutimer_v2_1/src -s clean 
make -C ps7_cortexa9_0/libsrc/scuwdt_v2_1/src -s clean 
make -C ps7_cortexa9_0/libsrc/ttcps_v3_9/src -s clean 
make -C ps7_cortexa9_0/libsrc/uartps_v3_7/src -s clean 
make -C ps7_cortexa9_0/libsrc/xadcps_v2_3/src -s clean 
rm -f ps7_cortexa9_0/lib/libxil.a
14:07:36 **** Clean-only build of configuration Debug for project LEDexample ****
make clean 
rm -rf  ./src/helloworld.o ./src/platform.o  ./src/helloworld.d ./src/platform.d  LEDexample.elf.size  LEDexample.elf
' '
14:07:36 **** Build of project LEDexample_bsp ****
make -k all 
"Running Make include in ps7_cortexa9_0/libsrc/cpu_cortexa9_v2_7/src"
make -C ps7_cortexa9_0/libsrc/cpu_cortexa9_v2_7/src -s include  "SHELL=CMD" "COMPILER=arm-none-eabi-gcc" "ARCHIVER=arm-none-eabi-ar" "COMPILER_FLAGS=  -O2 -c" "EXTRA_COMPILER_FLAGS=-mcpu=cortex-a9 -mfpu=vfpv3 -mfloat-abi=hard -nostartfiles -g -Wall -Wextra"
"Running Make include in ps7_cortexa9_0/libsrc/standalone_v7_0/src"
make -C ps7_cortexa9_0/libsrc/standalone_v7_0/src -s include  "SHELL=CMD" "COMPILER=arm-none-eabi-gcc" "ARCHIVER=arm-none-eabi-ar" "COMPILER_FLAGS=  -O2 -c" "EXTRA_COMPILER_FLAGS=-mcpu=cortex-a9 -mfpu=vfpv3 -mfloat-abi=hard -nostartfiles -g -Wall -Wextra"
"Running Make include in ps7_cortexa9_0/libsrc/coresightps_dcc_v1_5/src"
make -C ps7_cortexa9_0/libsrc/coresightps_dcc_v1_5/src -s include  "SHELL=CMD" "COMPILER=arm-none-eabi-gcc" "ARCHIVER=arm-none-eabi-ar" "COMPILER_FLAGS=  -O2 -c" "EXTRA_COMPILER_FLAGS=-mcpu=cortex-a9 -mfpu=vfpv3 -mfloat-abi=hard -nostartfiles -g -Wall -Wextra"
"Running Make include in ps7_cortexa9_0/libsrc/ddrps_v1_0/src"
make -C ps7_cortexa9_0/libsrc/ddrps_v1_0/src -s include  "SHELL=CMD" "COMPILER=arm-none-eabi-gcc" "ARCHIVER=arm-none-eabi-ar" "COMPILER_FLAGS=  -O2 -c" "EXTRA_COMPILER_FLAGS=-mcpu=cortex-a9 -mfpu=vfpv3 -mfloat-abi=hard -nostartfiles -g -Wall -Wextra"
"Running Make include in ps7_cortexa9_0/libsrc/devcfg_v3_5/src"
make -C ps7_cortexa9_0/libsrc/devcfg_v3_5/src -s include  "SHELL=CMD" "COMPILER=arm-none-eabi-gcc" "ARCHIVER=arm-none-eabi-ar" "COMPILER_FLAGS=  -O2 -c" "EXTRA_COMPILER_FLAGS=-mcpu=cortex-a9 -mfpu=vfpv3 -mfloat-abi=hard -nostartfiles -g -Wall -Wextra"
"Running Make include in ps7_cortexa9_0/libsrc/dmaps_v2_4/src"
make -C ps7_cortexa9_0/libsrc/dmaps_v2_4/src -s include  "SHELL=CMD" "COMPILER=arm-none-eabi-gcc" "ARCHIVER=arm-none-eabi-ar" "COMPILER_FLAGS=  -O2 -c" "EXTRA_COMPILER_FLAGS=-mcpu=cortex-a9 -mfpu=vfpv3 -mfloat-abi=hard -nostartfiles -g -Wall -Wextra"
"Running Make include in ps7_cortexa9_0/libsrc/emacps_v3_9/src"
make -C ps7_cortexa9_0/libsrc/emacps_v3_9/src -s include  "SHELL=CMD" "COMPILER=arm-none-eabi-gcc" "ARCHIVER=arm-none-eabi-ar" "COMPILER_FLAGS=  -O2 -c" "EXTRA_COMPILER_FLAGS=-mcpu=cortex-a9 -mfpu=vfpv3 -mfloat-abi=hard -nostartfiles -g -Wall -Wextra"
"Running Make include in ps7_cortexa9_0/libsrc/gpiops_v3_5/src"
make -C ps7_cortexa9_0/libsrc/gpiops_v3_5/src -s include  "SHELL=CMD" "COMPILER=arm-none-eabi-gcc" "ARCHIVER=arm-none-eabi-ar" "COMPILER_FLAGS=  -O2 -c" "EXTRA_COMPILER_FLAGS=-mcpu=cortex-a9 -mfpu=vfpv3 -mfloat-abi=hard -nostartfiles -g -Wall -Wextra"
"Running Make include in ps7_cortexa9_0/libsrc/qspips_v3_6/src"
make -C ps7_cortexa9_0/libsrc/qspips_v3_6/src -s include  "SHELL=CMD" "COMPILER=arm-none-eabi-gcc" "ARCHIVER=arm-none-eabi-ar" "COMPILER_FLAGS=  -O2 -c" "EXTRA_COMPILER_FLAGS=-mcpu=cortex-a9 -mfpu=vfpv3 -mfloat-abi=hard -nostartfiles -g -Wall -Wextra"
"Running Make include in ps7_cortexa9_0/libsrc/scugic_v4_0/src"
make -C ps7_cortexa9_0/libsrc/scugic_v4_0/src -s include  "SHELL=CMD" "COMPILER=arm-none-eabi-gcc" "ARCHIVER=arm-none-eabi-ar" "COMPILER_FLAGS=  -O2 -c" "EXTRA_COMPILER_FLAGS=-mcpu=cortex-a9 -mfpu=vfpv3 -mfloat-abi=hard -nostartfiles -g -Wall -Wextra"
"Running Make include in ps7_cortexa9_0/libsrc/scutimer_v2_1/src"
make -C ps7_cortexa9_0/libsrc/scutimer_v2_1/src -s include  "SHELL=CMD" "COMPILER=arm-none-eabi-gcc" "ARCHIVER=arm-none-eabi-ar" "COMPILER_FLAGS=  -O2 -c" "EXTRA_COMPILER_FLAGS=-mcpu=cortex-a9 -mfpu=vfpv3 -mfloat-abi=hard -nostartfiles -g -Wall -Wextra"
"Running Make include in ps7_cortexa9_0/libsrc/scuwdt_v2_1/src"
make -C ps7_cortexa9_0/libsrc/scuwdt_v2_1/src -s include  "SHELL=CMD" "COMPILER=arm-none-eabi-gcc" "ARCHIVER=arm-none-eabi-ar" "COMPILER_FLAGS=  -O2 -c" "EXTRA_COMPILER_FLAGS=-mcpu=cortex-a9 -mfpu=vfpv3 -mfloat-abi=hard -nostartfiles -g -Wall -Wextra"
"Running Make include in ps7_cortexa9_0/libsrc/ttcps_v3_9/src"
make -C ps7_cortexa9_0/libsrc/ttcps_v3_9/src -s include  "SHELL=CMD" "COMPILER=arm-none-eabi-gcc" "ARCHIVER=arm-none-eabi-ar" "COMPILER_FLAGS=  -O2 -c" "EXTRA_COMPILER_FLAGS=-mcpu=cortex-a9 -mfpu=vfpv3 -mfloat-abi=hard -nostartfiles -g -Wall -Wextra"
"Running Make include in ps7_cortexa9_0/libsrc/uartps_v3_7/src"
make -C ps7_cortexa9_0/libsrc/uartps_v3_7/src -s include  "SHELL=CMD" "COMPILER=arm-none-eabi-gcc" "ARCHIVER=arm-none-eabi-ar" "COMPILER_FLAGS=  -O2 -c" "EXTRA_COMPILER_FLAGS=-mcpu=cortex-a9 -mfpu=vfpv3 -mfloat-abi=hard -nostartfiles -g -Wall -Wextra"
"Running Make include in ps7_cortexa9_0/libsrc/xadcps_v2_3/src"
make -C ps7_cortexa9_0/libsrc/xadcps_v2_3/src -s include  "SHELL=CMD" "COMPILER=arm-none-eabi-gcc" "ARCHIVER=arm-none-eabi-ar" "COMPILER_FLAGS=  -O2 -c" "EXTRA_COMPILER_FLAGS=-mcpu=cortex-a9 -mfpu=vfpv3 -mfloat-abi=hard -nostartfiles -g -Wall -Wextra"
"Running Make libs in ps7_cortexa9_0/libsrc/cpu_cortexa9_v2_7/src"
make -C ps7_cortexa9_0/libsrc/cpu_cortexa9_v2_7/src -s libs  "SHELL=CMD" "COMPILER=arm-none-eabi-gcc" "ARCHIVER=arm-none-eabi-ar" "COMPILER_FLAGS=  -O2 -c" "EXTRA_COMPILER_FLAGS=-mcpu=cortex-a9 -mfpu=vfpv3 -mfloat-abi=hard -nostartfiles -g -Wall -Wextra"
"Compiling cpu_cortexa9"
"Running Make libs in ps7_cortexa9_0/libsrc/standalone_v7_0/src"
make -C ps7_cortexa9_0/libsrc/standalone_v7_0/src -s libs  "SHELL=CMD" "COMPILER=arm-none-eabi-gcc" "ARCHIVER=arm-none-eabi-ar" "COMPILER_FLAGS=  -O2 -c" "EXTRA_COMPILER_FLAGS=-mcpu=cortex-a9 -mfpu=vfpv3 -mfloat-abi=hard -nostartfiles -g -Wall -Wextra"
"Compiling standalone"
In file included from usleep.c:56:
xtime_l.h:87:9: note: #pragma message: For the sleep routines, Global timer is being used
 #pragma message ("For the sleep routines, Global timer is being used")
         ^~~~~~~
In file included from xil_sleeptimer.c:51:
xtime_l.h:87:9: note: #pragma message: For the sleep routines, Global timer is being used
 #pragma message ("For the sleep routines, Global timer is being used")
         ^~~~~~~
In file included from xtime_l.c:49:
xtime_l.h:87:9: note: #pragma message: For the sleep routines, Global timer is being used
 #pragma message ("For the sleep routines, Global timer is being used")
         ^~~~~~~
In file included from sleep.c:53:
xtime_l.h:87:9: note: #pragma message: For the sleep routines, Global timer is being used
 #pragma message ("For the sleep routines, Global timer is being used")
         ^~~~~~~
arm-none-eabi-ar: creating ../../../lib/libxil.a
"Running Make libs in ps7_cortexa9_0/libsrc/coresightps_dcc_v1_5/src"
make -C ps7_cortexa9_0/libsrc/coresightps_dcc_v1_5/src -s libs  "SHELL=CMD" "COMPILER=arm-none-eabi-gcc" "ARCHIVER=arm-none-eabi-ar" "COMPILER_FLAGS=  -O2 -c" "EXTRA_COMPILER_FLAGS=-mcpu=cortex-a9 -mfpu=vfpv3 -mfloat-abi=hard -nostartfiles -g -Wall -Wextra"
"Compiling coresightps_dcc"
"Running Make libs in ps7_cortexa9_0/libsrc/ddrps_v1_0/src"
make -C ps7_cortexa9_0/libsrc/ddrps_v1_0/src -s libs  "SHELL=CMD" "COMPILER=arm-none-eabi-gcc" "ARCHIVER=arm-none-eabi-ar" "COMPILER_FLAGS=  -O2 -c" "EXTRA_COMPILER_FLAGS=-mcpu=cortex-a9 -mfpu=vfpv3 -mfloat-abi=hard -nostartfiles -g -Wall -Wextra"
"Compiling ddrps"
"Running Make libs in ps7_cortexa9_0/libsrc/devcfg_v3_5/src"
make -C ps7_cortexa9_0/libsrc/devcfg_v3_5/src -s libs  "SHELL=CMD" "COMPILER=arm-none-eabi-gcc" "ARCHIVER=arm-none-eabi-ar" "COMPILER_FLAGS=  -O2 -c" "EXTRA_COMPILER_FLAGS=-mcpu=cortex-a9 -mfpu=vfpv3 -mfloat-abi=hard -nostartfiles -g -Wall -Wextra"
"Compiling devcfg"
"Running Make libs in ps7_cortexa9_0/libsrc/dmaps_v2_4/src"
make -C ps7_cortexa9_0/libsrc/dmaps_v2_4/src -s libs  "SHELL=CMD" "COMPILER=arm-none-eabi-gcc" "ARCHIVER=arm-none-eabi-ar" "COMPILER_FLAGS=  -O2 -c" "EXTRA_COMPILER_FLAGS=-mcpu=cortex-a9 -mfpu=vfpv3 -mfloat-abi=hard -nostartfiles -g -Wall -Wextra"
"Compiling dmaps"
"Running Make libs in ps7_cortexa9_0/libsrc/emacps_v3_9/src"
make -C ps7_cortexa9_0/libsrc/emacps_v3_9/src -s libs  "SHELL=CMD" "COMPILER=arm-none-eabi-gcc" "ARCHIVER=arm-none-eabi-ar" "COMPILER_FLAGS=  -O2 -c" "EXTRA_COMPILER_FLAGS=-mcpu=cortex-a9 -mfpu=vfpv3 -mfloat-abi=hard -nostartfiles -g -Wall -Wextra"
"Compiling emacps"
"Running Make libs in ps7_cortexa9_0/libsrc/gpiops_v3_5/src"
make -C ps7_cortexa9_0/libsrc/gpiops_v3_5/src -s libs  "SHELL=CMD" "COMPILER=arm-none-eabi-gcc" "ARCHIVER=arm-none-eabi-ar" "COMPILER_FLAGS=  -O2 -c" "EXTRA_COMPILER_FLAGS=-mcpu=cortex-a9 -mfpu=vfpv3 -mfloat-abi=hard -nostartfiles -g -Wall -Wextra"
"Compiling gpiops"
"Running Make libs in ps7_cortexa9_0/libsrc/qspips_v3_6/src"
make -C ps7_cortexa9_0/libsrc/qspips_v3_6/src -s libs  "SHELL=CMD" "COMPILER=arm-none-eabi-gcc" "ARCHIVER=arm-none-eabi-ar" "COMPILER_FLAGS=  -O2 -c" "EXTRA_COMPILER_FLAGS=-mcpu=cortex-a9 -mfpu=vfpv3 -mfloat-abi=hard -nostartfiles -g -Wall -Wextra"
"Compiling qspips"
"Running Make libs in ps7_cortexa9_0/libsrc/scugic_v4_0/src"
make -C ps7_cortexa9_0/libsrc/scugic_v4_0/src -s libs  "SHELL=CMD" "COMPILER=arm-none-eabi-gcc" "ARCHIVER=arm-none-eabi-ar" "COMPILER_FLAGS=  -O2 -c" "EXTRA_COMPILER_FLAGS=-mcpu=cortex-a9 -mfpu=vfpv3 -mfloat-abi=hard -nostartfiles -g -Wall -Wextra"
"Compiling scugic"
"Running Make libs in ps7_cortexa9_0/libsrc/scutimer_v2_1/src"
make -C ps7_cortexa9_0/libsrc/scutimer_v2_1/src -s libs  "SHELL=CMD" "COMPILER=arm-none-eabi-gcc" "ARCHIVER=arm-none-eabi-ar" "COMPILER_FLAGS=  -O2 -c" "EXTRA_COMPILER_FLAGS=-mcpu=cortex-a9 -mfpu=vfpv3 -mfloat-abi=hard -nostartfiles -g -Wall -Wextra"
"Compiling scutimer"
"Running Make libs in ps7_cortexa9_0/libsrc/scuwdt_v2_1/src"
make -C ps7_cortexa9_0/libsrc/scuwdt_v2_1/src -s libs  "SHELL=CMD" "COMPILER=arm-none-eabi-gcc" "ARCHIVER=arm-none-eabi-ar" "COMPILER_FLAGS=  -O2 -c" "EXTRA_COMPILER_FLAGS=-mcpu=cortex-a9 -mfpu=vfpv3 -mfloat-abi=hard -nostartfiles -g -Wall -Wextra"
"Compiling scuwdt"
"Running Make libs in ps7_cortexa9_0/libsrc/ttcps_v3_9/src"
make -C ps7_cortexa9_0/libsrc/ttcps_v3_9/src -s libs  "SHELL=CMD" "COMPILER=arm-none-eabi-gcc" "ARCHIVER=arm-none-eabi-ar" "COMPILER_FLAGS=  -O2 -c" "EXTRA_COMPILER_FLAGS=-mcpu=cortex-a9 -mfpu=vfpv3 -mfloat-abi=hard -nostartfiles -g -Wall -Wextra"
"Compiling ttcps"
"Running Make libs in ps7_cortexa9_0/libsrc/uartps_v3_7/src"
make -C ps7_cortexa9_0/libsrc/uartps_v3_7/src -s libs  "SHELL=CMD" "COMPILER=arm-none-eabi-gcc" "ARCHIVER=arm-none-eabi-ar" "COMPILER_FLAGS=  -O2 -c" "EXTRA_COMPILER_FLAGS=-mcpu=cortex-a9 -mfpu=vfpv3 -mfloat-abi=hard -nostartfiles -g -Wall -Wextra"
"Compiling uartps"
"Running Make libs in ps7_cortexa9_0/libsrc/xadcps_v2_3/src"
make -C ps7_cortexa9_0/libsrc/xadcps_v2_3/src -s libs  "SHELL=CMD" "COMPILER=arm-none-eabi-gcc" "ARCHIVER=arm-none-eabi-ar" "COMPILER_FLAGS=  -O2 -c" "EXTRA_COMPILER_FLAGS=-mcpu=cortex-a9 -mfpu=vfpv3 -mfloat-abi=hard -nostartfiles -g -Wall -Wextra"
"Compiling xadcps"
'Finished building libraries'
14:08:08 **** Build of configuration Debug for project LEDexample ****
make pre-build main-build 
a9-linaro-pre-build-step
' '
'Building file: ../src/helloworld.c'
'Invoking: ARM v7 gcc compiler'
arm-none-eabi-gcc -Wall -O0 -g3 -c -fmessage-length=0 -MT"src/helloworld.o" -mcpu=cortex-a9 -mfpu=vfpv3 -mfloat-abi=hard -I../../LEDexample_bsp/ps7_cortexa9_0/include -MMD -MP -MF"src/helloworld.d" -MT"src/helloworld.o" -o "src/helloworld.o" "../src/helloworld.c"
../src/helloworld.c: In function 'main':
../src/helloworld.c:103:7: warning: this 'for' clause does not guard... [-Wmisleading-indentation]
       for (Delay = 0; Delay < LED_DELAY; Delay++);
       ^~~
../src/helloworld.c:104:4: note: ...this statement, but the latter is misleadingly indented as if it were guarded by the 'for'
    XGpioPs_WritePin(&mio_emio_pmod2, EMIO_54, a[0]);
    ^~~~~~~~~~~~~~~~
../src/helloworld.c:108:7: warning: this 'for' clause does not guard... [-Wmisleading-indentation]
       for (Delay = 0; Delay < LED_DELAY; Delay++);
       ^~~
../src/helloworld.c:109:4: note: ...this statement, but the latter is misleadingly indented as if it were guarded by the 'for'
    XGpioPs_WritePin(&mio_emio_pmod2, EMIO_55, a[1]);
    ^~~~~~~~~~~~~~~~
../src/helloworld.c:113:7: warning: this 'for' clause does not guard... [-Wmisleading-indentation]
       for (Delay = 0; Delay < LED_DELAY; Delay++);
       ^~~
../src/helloworld.c:114:4: note: ...this statement, but the latter is misleadingly indented as if it were guarded by the 'for'
    XGpioPs_WritePin(&mio_emio_pmod2, EMIO_56, a[2]);
    ^~~~~~~~~~~~~~~~
../src/helloworld.c:118:7: warning: this 'for' clause does not guard... [-Wmisleading-indentation]
       for (Delay = 0; Delay < LED_DELAY; Delay++);
       ^~~
../src/helloworld.c:119:4: note: ...this statement, but the latter is misleadingly indented as if it were guarded by the 'for'
    XGpioPs_WritePin(&mio_emio_pmod2, EMIO_57, a[3]);
    ^~~~~~~~~~~~~~~~
'Finished building: ../src/helloworld.c'
' '
'Building file: ../src/platform.c'
'Invoking: ARM v7 gcc compiler'
arm-none-eabi-gcc -Wall -O0 -g3 -c -fmessage-length=0 -MT"src/platform.o" -mcpu=cortex-a9 -mfpu=vfpv3 -mfloat-abi=hard -I../../LEDexample_bsp/ps7_cortexa9_0/include -MMD -MP -MF"src/platform.d" -MT"src/platform.o" -o "src/platform.o" "../src/platform.c"
'Finished building: ../src/platform.c'
' '
'Building target: LEDexample.elf'
'Invoking: ARM v7 gcc linker'
arm-none-eabi-gcc -mcpu=cortex-a9 -mfpu=vfpv3 -mfloat-abi=hard -Wl,-build-id=none -specs=Xilinx.spec -Wl,-T -Wl,../src/lscript.ld -L../../LEDexample_bsp/ps7_cortexa9_0/lib -o "LEDexample.elf"  ./src/helloworld.o ./src/platform.o   -Wl,--start-group,-lxil,-lgcc,-lc,--end-group
'Finished building target: LEDexample.elf'
' '
'Invoking: ARM v7 Print Size'
arm-none-eabi-size LEDexample.elf  |tee "LEDexample.elf.size"
   text	   data	    bss	    dec	    hex	filename
  37352	   1552	  23304	  62208	   f300	LEDexample.elf
'Finished building: LEDexample.elf.size'
' '
14:10:37 **** Incremental Build of configuration Debug for project LEDexample ****
make pre-build main-build 
a9-linaro-pre-build-step
' '
make: Nothing to be done for 'main-build'.
14:10:57 **** Incremental Build of configuration Debug for project LEDexample ****
make pre-build main-build 
a9-linaro-pre-build-step
' '
make: Nothing to be done for 'main-build'.
14:11:46 **** Incremental Build of configuration Debug for project LEDexample ****
make pre-build main-build 
a9-linaro-pre-build-step
' '
'Building file: ../src/helloworld.c'
'Invoking: ARM v7 gcc compiler'
arm-none-eabi-gcc -Wall -O0 -g3 -c -fmessage-length=0 -MT"src/helloworld.o" -mcpu=cortex-a9 -mfpu=vfpv3 -mfloat-abi=hard -I../../LEDexample_bsp/ps7_cortexa9_0/include -MMD -MP -MF"src/helloworld.d" -MT"src/helloworld.o" -o "src/helloworld.o" "../src/helloworld.c"
../src/helloworld.c: In function 'main':
../src/helloworld.c:101:7: warning: this 'for' clause does not guard... [-Wmisleading-indentation]
       for (Delay = 0; Delay < LED_DELAY; Delay++);
       ^~~
../src/helloworld.c:102:4: note: ...this statement, but the latter is misleadingly indented as if it were guarded by the 'for'
    XGpioPs_WritePin(&mio_emio_pmod2, EMIO_54, a[0]);
    ^~~~~~~~~~~~~~~~
../src/helloworld.c:106:7: warning: this 'for' clause does not guard... [-Wmisleading-indentation]
       for (Delay = 0; Delay < LED_DELAY; Delay++);
       ^~~
../src/helloworld.c:107:4: note: ...this statement, but the latter is misleadingly indented as if it were guarded by the 'for'
    XGpioPs_WritePin(&mio_emio_pmod2, EMIO_55, a[1]);
    ^~~~~~~~~~~~~~~~
../src/helloworld.c:111:7: warning: this 'for' clause does not guard... [-Wmisleading-indentation]
       for (Delay = 0; Delay < LED_DELAY; Delay++);
       ^~~
../src/helloworld.c:112:4: note: ...this statement, but the latter is misleadingly indented as if it were guarded by the 'for'
    XGpioPs_WritePin(&mio_emio_pmod2, EMIO_56, a[2]);
    ^~~~~~~~~~~~~~~~
../src/helloworld.c:116:7: warning: this 'for' clause does not guard... [-Wmisleading-indentation]
       for (Delay = 0; Delay < LED_DELAY; Delay++);
       ^~~
../src/helloworld.c:117:4: note: ...this statement, but the latter is misleadingly indented as if it were guarded by the 'for'
    XGpioPs_WritePin(&mio_emio_pmod2, EMIO_57, a[3]);
    ^~~~~~~~~~~~~~~~
'Finished building: ../src/helloworld.c'
' '
'Building target: LEDexample.elf'
'Invoking: ARM v7 gcc linker'
arm-none-eabi-gcc -mcpu=cortex-a9 -mfpu=vfpv3 -mfloat-abi=hard -Wl,-build-id=none -specs=Xilinx.spec -Wl,-T -Wl,../src/lscript.ld -L../../LEDexample_bsp/ps7_cortexa9_0/lib -o "LEDexample.elf"  ./src/helloworld.o ./src/platform.o   -Wl,--start-group,-lxil,-lgcc,-lc,--end-group
'Finished building target: LEDexample.elf'
' '
'Invoking: ARM v7 Print Size'
arm-none-eabi-size LEDexample.elf  |tee "LEDexample.elf.size"
   text	   data	    bss	    dec	    hex	filename
  37352	   1552	  23304	  62208	   f300	LEDexample.elf
'Finished building: LEDexample.elf.size'
' '
14:12:01 **** Incremental Build of configuration Debug for project LEDexample ****
make pre-build main-build 
a9-linaro-pre-build-step
' '
make: Nothing to be done for 'main-build'.
14:12:08 **** Incremental Build of configuration Debug for project LEDexample ****
make pre-build main-build 
a9-linaro-pre-build-step
' '
make: Nothing to be done for 'main-build'.
14:12:47 **** Incremental Build of configuration Debug for project LEDexample ****
make pre-build main-build 
a9-linaro-pre-build-step
' '
make: Nothing to be done for 'main-build'.
